Archive member included because of file (symbol)

.\CortexM0\ARM_GCC_493\Debug\nodusC.a(cyfitter_cfg.o)
                              .\CortexM0\ARM_GCC_493\Debug\Cm0Start.o (cyfitter_cfg)
.\CortexM0\ARM_GCC_493\Debug\nodusC.a(UART.o)
                              .\CortexM0\ARM_GCC_493\Debug\main.o (UART_Start)
.\CortexM0\ARM_GCC_493\Debug\nodusC.a(UART_SPI_UART.o)
                              .\CortexM0\ARM_GCC_493\Debug\main.o (UART_SpiUartWriteTxData)
.\CortexM0\ARM_GCC_493\Debug\nodusC.a(UART_UART.o)
                              .\CortexM0\ARM_GCC_493\Debug\nodusC.a(UART.o) (UART_UartInit)
.\CortexM0\ARM_GCC_493\Debug\nodusC.a(Timer_Int.o)
                              .\CortexM0\ARM_GCC_493\Debug\main.o (Timer_Int_StartEx)
.\CortexM0\ARM_GCC_493\Debug\nodusC.a(Timer.o)
                              .\CortexM0\ARM_GCC_493\Debug\main.o (Timer_Start)
.\CortexM0\ARM_GCC_493\Debug\nodusC.a(DieTemp.o)
                              .\CortexM0\ARM_GCC_493\Debug\main.o (DieTemp_CountsTo_Celsius)
.\CortexM0\ARM_GCC_493\Debug\nodusC.a(ADC.o)
                              .\CortexM0\ARM_GCC_493\Debug\main.o (ADC_Start)
.\CortexM0\ARM_GCC_493\Debug\nodusC.a(ADC_INT.o)
                              .\CortexM0\ARM_GCC_493\Debug\nodusC.a(ADC.o) (ADC_ISR)
.\CortexM0\ARM_GCC_493\Debug\nodusC.a(CyBootAsmGnu.o)
                              .\CortexM0\ARM_GCC_493\Debug\nodusC.a(cyfitter_cfg.o) (CyDelayCycles)
.\CortexM0\ARM_GCC_493\Debug\nodusC.a(CyLib.o)
                              .\CortexM0\ARM_GCC_493\Debug\nodusC.a(cyfitter_cfg.o) (CyIntEnable)
.\CortexM0\ARM_GCC_493\Debug\nodusC.a(cyPm.o)
                              .\CortexM0\ARM_GCC_493\Debug\main.o (CySysPmSleep)
.\CortexM0\ARM_GCC_493\Debug\nodusC.a(CyLFClk.o)
                              .\CortexM0\ARM_GCC_493\Debug\nodusC.a(cyfitter_cfg.o) (CySysClkWcoStart)
.\CortexM0\ARM_GCC_493\Debug\nodusC.a(PIN_SENSOR_1.o)
                              .\CortexM0\ARM_GCC_493\Debug\main.o (PIN_SENSOR_1_Write)
.\CortexM0\ARM_GCC_493\Debug\nodusC.a(PIN_SENSOR_2.o)
                              .\CortexM0\ARM_GCC_493\Debug\main.o (PIN_SENSOR_2_Write)
.\CortexM0\ARM_GCC_493\Debug\nodusC.a(PIN_RESISTOR.o)
                              .\CortexM0\ARM_GCC_493\Debug\main.o (PIN_RESISTOR_Write)
.\CortexM0\ARM_GCC_493\Debug\nodusC.a(PIN_SENSOR_3.o)
                              .\CortexM0\ARM_GCC_493\Debug\main.o (PIN_SENSOR_3_Write)
.\CortexM0\ARM_GCC_493\Debug\nodusC.a(PIN_SENSOR_4.o)
                              .\CortexM0\ARM_GCC_493\Debug\main.o (PIN_SENSOR_4_Write)
c:/program files (x86)/cypress/psoc creator/3.3/psoc creator/import/gnu/arm/4.9.3/bin/../lib/gcc/arm-none-eabi/4.9.3/armv6-m\libgcc.a(_udivsi3.o)
                              .\CortexM0\ARM_GCC_493\Debug\main.o (__aeabi_uidiv)
c:/program files (x86)/cypress/psoc creator/3.3/psoc creator/import/gnu/arm/4.9.3/bin/../lib/gcc/arm-none-eabi/4.9.3/armv6-m\libgcc.a(_divsi3.o)
                              .\CortexM0\ARM_GCC_493\Debug\nodusC.a(DieTemp.o) (__aeabi_idiv)
c:/program files (x86)/cypress/psoc creator/3.3/psoc creator/import/gnu/arm/4.9.3/bin/../lib/gcc/arm-none-eabi/4.9.3/armv6-m\libgcc.a(_dvmd_tls.o)
                              c:/program files (x86)/cypress/psoc creator/3.3/psoc creator/import/gnu/arm/4.9.3/bin/../lib/gcc/arm-none-eabi/4.9.3/armv6-m\libgcc.a(_udivsi3.o) (__aeabi_idiv0)
c:/program files (x86)/cypress/psoc creator/3.3/psoc creator/import/gnu/arm/4.9.3/bin/../lib/gcc/arm-none-eabi/4.9.3/armv6-m\libgcc.a(_aeabi_ldivmod.o)
                              .\CortexM0\ARM_GCC_493\Debug\nodusC.a(ADC.o) (__aeabi_ldivmod)
c:/program files (x86)/cypress/psoc creator/3.3/psoc creator/import/gnu/arm/4.9.3/bin/../lib/gcc/arm-none-eabi/4.9.3/armv6-m\libgcc.a(_muldi3.o)
                              .\CortexM0\ARM_GCC_493\Debug\nodusC.a(ADC.o) (__aeabi_lmul)
c:/program files (x86)/cypress/psoc creator/3.3/psoc creator/import/gnu/arm/4.9.3/bin/../lib/gcc/arm-none-eabi/4.9.3/armv6-m\libgcc.a(bpabi.o)
                              c:/program files (x86)/cypress/psoc creator/3.3/psoc creator/import/gnu/arm/4.9.3/bin/../lib/gcc/arm-none-eabi/4.9.3/armv6-m\libgcc.a(_aeabi_ldivmod.o) (__gnu_ldivmod_helper)
c:/program files (x86)/cypress/psoc creator/3.3/psoc creator/import/gnu/arm/4.9.3/bin/../lib/gcc/arm-none-eabi/4.9.3/armv6-m\libgcc.a(addsf3.o)
                              .\CortexM0\ARM_GCC_493\Debug\main.o (__aeabi_fadd)
c:/program files (x86)/cypress/psoc creator/3.3/psoc creator/import/gnu/arm/4.9.3/bin/../lib/gcc/arm-none-eabi/4.9.3/armv6-m\libgcc.a(divsf3.o)
                              .\CortexM0\ARM_GCC_493\Debug\main.o (__aeabi_fdiv)
c:/program files (x86)/cypress/psoc creator/3.3/psoc creator/import/gnu/arm/4.9.3/bin/../lib/gcc/arm-none-eabi/4.9.3/armv6-m\libgcc.a(mulsf3.o)
                              .\CortexM0\ARM_GCC_493\Debug\main.o (__aeabi_fmul)
[...]
Memory Configuration

Name             Origin             Length             Attributes
rom              0x00000000         0x00040000         xr
ram              0x20000000         0x00008000         xrw
*default*        0x00000000         0xffffffff

Linker script and memory map

LOAD c:/program files (x86)/cypress/psoc creator/3.3/psoc creator/import/gnu/arm/4.9.3/bin/../lib/gcc/arm-none-eabi/4.9.3/armv6-m/crti.o
LOAD c:/program files (x86)/cypress/psoc creator/3.3/psoc creator/import/gnu/arm/4.9.3/bin/../lib/gcc/arm-none-eabi/4.9.3/armv6-m/crtbegin.o
LOAD c:/program files (x86)/cypress/psoc creator/3.3/psoc creator/import/gnu/arm/4.9.3/bin/../lib/gcc/arm-none-eabi/4.9.3/../../../../arm-none-eabi/lib/armv6-m/crt0.o
START GROUP
LOAD .\CortexM0\ARM_GCC_493\Debug\main.o
LOAD .\CortexM0\ARM_GCC_493\Debug\nodus_api.o
LOAD .\CortexM0\ARM_GCC_493\Debug\queue.o
LOAD .\CortexM0\ARM_GCC_493\Debug\adc_queue.o
LOAD .\CortexM0\ARM_GCC_493\Debug\cymetadata.o
LOAD .\CortexM0\ARM_GCC_493\Debug\Cm0Start.o
LOAD .\CortexM0\ARM_GCC_493\Debug\nodusC.a
LOAD C:\Program Files (x86)\Cypress\PSoC Creator\3.3\PSoC Creator\psoc\content\cycomponentlibrary\CyComponentLibrary.cylib\BLE_v3_10\Library\gccCyBLEStack_BLE_SOC_CENTRAL.a
LOAD C:\Program Files (x86)\Cypress\PSoC Creator\3.3\PSoC Creator\psoc\content\cycomponentlibrary\CyComponentLibrary.cylib\CortexM0\ARM_GCC_493\Debug\CyComponentLibrary.a
END GROUP
START GROUP
LOAD c:/program files (x86)/cypress/psoc creator/3.3/psoc creator/import/gnu/arm/4.9.3/bin/../lib/gcc/arm-none-eabi/4.9.3/armv6-m\libgcc.a
LOAD c:/program files (x86)/cypress/psoc creator/3.3/psoc creator/import/gnu/arm/4.9.3/bin/../lib/gcc/arm-none-eabi/4.9.3/../../../../arm-none-eabi/lib/armv6-m\libg_nano.a
LOAD c:/program files (x86)/cypress/psoc creator/3.3/psoc creator/import/gnu/arm/4.9.3/bin/../lib/gcc/arm-none-eabi/4.9.3/../../../../arm-none-eabi/lib/armv6-m\libc_nano.a
END GROUP
START GROUP
LOAD c:/program files (x86)/cypress/psoc creator/3.3/psoc creator/import/gnu/arm/4.9.3/bin/../lib/gcc/arm-none-eabi/4.9.3/armv6-m\libgcc.a
LOAD c:/program files (x86)/cypress/psoc creator/3.3/psoc creator/import/gnu/arm/4.9.3/bin/../lib/gcc/arm-none-eabi/4.9.3/../../../../arm-none-eabi/lib/armv6-m\libc_nano.a
END GROUP
LOAD c:/program files (x86)/cypress/psoc creator/3.3/psoc creator/import/gnu/arm/4.9.3/bin/../lib/gcc/arm-none-eabi/4.9.3/armv6-m/crtend.o
LOAD c:/program files (x86)/cypress/psoc creator/3.3/psoc creator/import/gnu/arm/4.9.3/bin/../lib/gcc/arm-none-eabi/4.9.3/armv6-m/crtn.o
START GROUP
LOAD c:/program files (x86)/cypress/psoc creator/3.3/psoc creator/import/gnu/arm/4.9.3/bin/../lib/gcc/arm-none-eabi/4.9.3/armv6-m\libgcc.a
LOAD c:/program files (x86)/cypress/psoc creator/3.3/psoc creator/import/gnu/arm/4.9.3/bin/../lib/gcc/arm-none-eabi/4.9.3/../../../../arm-none-eabi/lib/armv6-m\libc.a
LOAD c:/program files (x86)/cypress/psoc creator/3.3/psoc creator/import/gnu/arm/4.9.3/bin/../lib/gcc/arm-none-eabi/4.9.3/../../../../arm-none-eabi/lib/armv6-m\libnosys.a
END GROUP
                0x00000000                CY_APPL_ORIGIN = 0x0
                0x00000100                CY_FLASH_ROW_SIZE = 0x100
                0x00000001                CY_APPL_NUM = 0x1
                0x00000001                CY_APPL_MAX = 0x1
                0x00000040                CY_METADATA_SIZE = 0x40
                0x00000000                CY_APPL_LOADABLE = 0x0
                0x00000000                CY_CHECKSUM_EXCLUDE_SIZE = ALIGN (0x0, CY_FLASH_ROW_SIZE)
                0x00000000                CY_APP_FOR_STACK_AND_COPIER = 0x0
                0x200001b8                PROVIDE (__cy_heap_start, _end)
                0x00000001                PROVIDE (__cy_region_num, ((__cy_regions_end - __cy_regions) / 0x10))
                0x20008000                PROVIDE (__cy_stack, (ORIGIN (ram) + 0x8000))
                0x20007800                PROVIDE (__cy_heap_end, (__cy_stack - 0x800))

.cybootloader   0x00000000        0x0
 *(.cybootloader)
                0x00000000                appl1_start = CY_APPL_ORIGIN?CY_APPL_ORIGIN:ALIGN (CY_FLASH_ROW_SIZE)
                0x0001ff00                appl2_start = (appl1_start + ALIGN ((((0x40000 - appl1_start) - (0x2 * CY_FLASH_ROW_SIZE)) / 0x2), CY_FLASH_ROW_SIZE))
                0x00000000                appl_start = (CY_APPL_NUM == 0x1)?appl1_start:appl2_start
                0x00000001                cy_project_type_bootloader = (appl_start == 0x0)?0x1:0x0
                0x00000000                cy_project_type_app_for_stack_and_copier = (CY_APP_FOR_STACK_AND_COPIER == 0x1)?0x1:0x0

.text           0x00000000     0x2754
 CREATE_OBJECT_SYMBOLS
                0x00000000                PROVIDE (__cy_interrupt_vector, RomVectors)
 *(.romvectors)
 .romvectors    0x00000000       0x10 .\CortexM0\ARM_GCC_493\Debug\Cm0Start.o
                0x00000000                RomVectors
                0x00000001                ASSERT ((. != __cy_interrupt_vector), No interrupt vector)
                0x00000001                ASSERT (CY_APPL_ORIGIN?(SIZEOF (.cybootloader) <= CY_APPL_ORIGIN):0x1, Wrong image location)
                0x00000010                PROVIDE (__cy_reset, Reset)
 *(.text.Reset)
 .text.Reset    0x00000010        0x8 .\CortexM0\ARM_GCC_493\Debug\Cm0Start.o
                0x00000010                Reset
                0x00000001                ASSERT ((. != __cy_reset), No reset code)
 *(.psocinit)
 .psocinit      0x00000018      0x218 .\CortexM0\ARM_GCC_493\Debug\nodusC.a(cyfitter_cfg.o)
                0x00000144                cyfitter_cfg
                0x00000230                . = MAX (., 0x100)
 *(.text .text.* .gnu.linkonce.t.*)
 .text          0x00000230       0x60 c:/program files (x86)/cypress/psoc creator/3.3/psoc creator/import/gnu/arm/4.9.3/bin/../lib/gcc/arm-none-eabi/4.9.3/armv6-m/crtbegin.o
 .text.timer_isr
                0x00000290       0x2c .\CortexM0\ARM_GCC_493\Debug\main.o
                0x00000290                timer_isr
 .text.str2float
                0x000002bc       0xa0 .\CortexM0\ARM_GCC_493\Debug\main.o
                0x000002bc                str2float
 .text.powr     0x0000035c       0x24 .\CortexM0\ARM_GCC_493\Debug\main.o
                0x0000035c                powr
 .text.int2string
                0x00000380      0x13c .\CortexM0\ARM_GCC_493\Debug\main.o
                0x00000380                int2string
 .text.calibrate_sensor
                0x000004bc       0xbc .\CortexM0\ARM_GCC_493\Debug\main.o
                0x000004bc                calibrate_sensor
 .text.float2str
                0x00000578       0x60 .\CortexM0\ARM_GCC_493\Debug\main.o
                0x00000578                float2str
 .text.linterp  0x000005d8       0xfc .\CortexM0\ARM_GCC_493\Debug\main.o
                0x000005d8                linterp
 .text.writeUART_routine
                0x000006d4       0xc8 .\CortexM0\ARM_GCC_493\Debug\main.o
                0x000006d4                writeUART_routine
 .text.read_adc
                0x0000079c       0x50 .\CortexM0\ARM_GCC_493\Debug\main.o
                0x0000079c                read_adc
 .text.read_fsr
                0x000007ec       0x64 .\CortexM0\ARM_GCC_493\Debug\main.o
                0x000007ec                read_fsr
 .text.readADC_routine
                0x00000850        0xc .\CortexM0\ARM_GCC_493\Debug\main.o
                0x00000850                readADC_routine
 .text.print_user_message
                0x0000085c       0x40 .\CortexM0\ARM_GCC_493\Debug\main.o
                0x0000085c                print_user_message
 .text.str_eq   0x0000089c       0x28 .\CortexM0\ARM_GCC_493\Debug\main.o
                0x0000089c                str_eq
 .text.get_user_input
                0x000008c4       0x64 .\CortexM0\ARM_GCC_493\Debug\main.o
                0x000008c4                get_user_input
 .text.run_scheduler
                0x00000928       0x24 .\CortexM0\ARM_GCC_493\Debug\main.o
                0x00000928                run_scheduler
 .text.main     0x0000094c      0x1c4 .\CortexM0\ARM_GCC_493\Debug\main.o
                0x0000094c                main
 .text.init_queue
                0x00000b10        0xc .\CortexM0\ARM_GCC_493\Debug\queue.o
                0x00000b10                init_queue
 .text.enqueue  0x00000b1c       0x44 .\CortexM0\ARM_GCC_493\Debug\queue.o
                0x00000b1c                enqueue
 .text.dequeue  0x00000b60       0x34 .\CortexM0\ARM_GCC_493\Debug\queue.o
                0x00000b60                dequeue
 .text.peek     0x00000b94       0x20 .\CortexM0\ARM_GCC_493\Debug\queue.o
                0x00000b94                peek
 .text.is_empty
                0x00000bb4        0xc .\CortexM0\ARM_GCC_493\Debug\queue.o
                0x00000bb4                is_empty
 .text.IntDefaultHandler
                0x00000bc0        0x4 .\CortexM0\ARM_GCC_493\Debug\Cm0Start.o
                0x00000bc0                IntDefaultHandler
 .text.Start_c  0x00000bc4       0x48 .\CortexM0\ARM_GCC_493\Debug\Cm0Start.o
                0x00000bc4                Start_c
 .text.initialize_psoc
                0x00000c0c       0x54 .\CortexM0\ARM_GCC_493\Debug\Cm0Start.o
                0x00000c0c                initialize_psoc
 .text.CYMEMZERO
                0x00000c60        0xc .\CortexM0\ARM_GCC_493\Debug\nodusC.a(cyfitter_cfg.o)
 .text.SetAnalogRoutingPumps
                0x00000c6c       0x20 .\CortexM0\ARM_GCC_493\Debug\nodusC.a(cyfitter_cfg.o)
                0x00000c6c                SetAnalogRoutingPumps
 .text.AnalogSetDefault
                0x00000c8c       0x48 .\CortexM0\ARM_GCC_493\Debug\nodusC.a(cyfitter_cfg.o)
 .text.UART_ScbModePostEnable
                0x00000cd4        0x8 .\CortexM0\ARM_GCC_493\Debug\nodusC.a(UART.o)
 .text.UART_Init
                0x00000cdc        0x8 .\CortexM0\ARM_GCC_493\Debug\nodusC.a(UART.o)
                0x00000cdc                UART_Init
 .text.UART_Enable
                0x00000ce4       0x18 .\CortexM0\ARM_GCC_493\Debug\nodusC.a(UART.o)
                0x00000ce4                UART_Enable
 .text.UART_Start
                0x00000cfc       0x20 .\CortexM0\ARM_GCC_493\Debug\nodusC.a(UART.o)
                0x00000cfc                UART_Start
 .text.UART_SpiUartReadRxData
                0x00000d1c        0xc .\CortexM0\ARM_GCC_493\Debug\nodusC.a(UART_SPI_UART.o)
                0x00000d1c                UART_SpiUartReadRxData
 .text.UART_SpiUartGetRxBufferSize
                0x00000d28       0x10 .\CortexM0\ARM_GCC_493\Debug\nodusC.a(UART_SPI_UART.o)
                0x00000d28                UART_SpiUartGetRxBufferSize
 .text.UART_SpiUartWriteTxData
                0x00000d38       0x1c .\CortexM0\ARM_GCC_493\Debug\nodusC.a(UART_SPI_UART.o)
                0x00000d38                UART_SpiUartWriteTxData
 .text.UART_UartInit
                0x00000d54       0xa4 .\CortexM0\ARM_GCC_493\Debug\nodusC.a(UART_UART.o)
                0x00000d54                UART_UartInit
 .text.UART_UartPostEnable
                0x00000df8       0x2c .\CortexM0\ARM_GCC_493\Debug\nodusC.a(UART_UART.o)
                0x00000df8                UART_UartPostEnable
 .text.UART_UartGetChar
                0x00000e24       0x2c .\CortexM0\ARM_GCC_493\Debug\nodusC.a(UART_UART.o)
                0x00000e24                UART_UartGetChar
 .text.UART_UartPutString
                0x00000e50       0x18 .\CortexM0\ARM_GCC_493\Debug\nodusC.a(UART_UART.o)
                0x00000e50                UART_UartPutString
 .text.Timer_Int_SetVector
                0x00000e68        0xc .\CortexM0\ARM_GCC_493\Debug\nodusC.a(Timer_Int.o)
                0x00000e68                Timer_Int_SetVector
 .text.Timer_Int_SetPriority
                0x00000e74       0x24 .\CortexM0\ARM_GCC_493\Debug\nodusC.a(Timer_Int.o)
                0x00000e74                Timer_Int_SetPriority
 .text.Timer_Int_Enable
                0x00000e98       0x10 .\CortexM0\ARM_GCC_493\Debug\nodusC.a(Timer_Int.o)
                0x00000e98                Timer_Int_Enable
 .text.Timer_Int_Disable
                0x00000ea8       0x10 .\CortexM0\ARM_GCC_493\Debug\nodusC.a(Timer_Int.o)
                0x00000ea8                Timer_Int_Disable
 .text.Timer_Int_StartEx
                0x00000eb8       0x1c .\CortexM0\ARM_GCC_493\Debug\nodusC.a(Timer_Int.o)
                0x00000eb8                Timer_Int_StartEx
 .text.Timer_WriteCounter
                0x00000ed4       0x10 .\CortexM0\ARM_GCC_493\Debug\nodusC.a(Timer.o)
                0x00000ed4                Timer_WriteCounter
 .text.Timer_WritePeriod
                0x00000ee4       0x10 .\CortexM0\ARM_GCC_493\Debug\nodusC.a(Timer.o)
                0x00000ee4                Timer_WritePeriod
 .text.Timer_TriggerCommand
                0x00000ef4       0x1c .\CortexM0\ARM_GCC_493\Debug\nodusC.a(Timer.o)
                0x00000ef4                Timer_TriggerCommand
 .text.Timer_Enable
                0x00000f10       0x24 .\CortexM0\ARM_GCC_493\Debug\nodusC.a(Timer.o)
                0x00000f10                Timer_Enable
 .text.Timer_SetInterruptMode
                0x00000f34        0xc .\CortexM0\ARM_GCC_493\Debug\nodusC.a(Timer.o)
                0x00000f34                Timer_SetInterruptMode
 .text.Timer_Init
                0x00000f40       0x30 .\CortexM0\ARM_GCC_493\Debug\nodusC.a(Timer.o)
                0x00000f40                Timer_Init
 .text.Timer_Start
                0x00000f70       0x20 .\CortexM0\ARM_GCC_493\Debug\nodusC.a(Timer.o)
                0x00000f70                Timer_Start
 .text.Timer_ClearInterrupt
                0x00000f90        0xc .\CortexM0\ARM_GCC_493\Debug\nodusC.a(Timer.o)
                0x00000f90                Timer_ClearInterrupt
 .text.DieTemp_CountsTo_Celsius
                0x00000f9c       0x68 .\CortexM0\ARM_GCC_493\Debug\nodusC.a(DieTemp.o)
                0x00000f9c                DieTemp_CountsTo_Celsius
 .text.ADC_Init
                0x00001004      0x1c0 .\CortexM0\ARM_GCC_493\Debug\nodusC.a(ADC.o)
                0x00001004                ADC_Init
 .text.ADC_Enable
                0x000011c4       0x30 .\CortexM0\ARM_GCC_493\Debug\nodusC.a(ADC.o)
                0x000011c4                ADC_Enable
 .text.ADC_Start
                0x000011f4       0x20 .\CortexM0\ARM_GCC_493\Debug\nodusC.a(ADC.o)
                0x000011f4                ADC_Start
 .text.ADC_StartConvert
                0x00001214        0xc .\CortexM0\ARM_GCC_493\Debug\nodusC.a(ADC.o)
                0x00001214                ADC_StartConvert
 .text.ADC_IsEndConversion
                0x00001220       0x4c .\CortexM0\ARM_GCC_493\Debug\nodusC.a(ADC.o)
                0x00001220                ADC_IsEndConversion
 .text.ADC_GetResult16
                0x0000126c       0x38 .\CortexM0\ARM_GCC_493\Debug\nodusC.a(ADC.o)
                0x0000126c                ADC_GetResult16
 .text.ADC_EnableInjection
                0x000012a4       0x14 .\CortexM0\ARM_GCC_493\Debug\nodusC.a(ADC.o)
                0x000012a4                ADC_EnableInjection
 .text.ADC_ISR  0x000012b8        0xc .\CortexM0\ARM_GCC_493\Debug\nodusC.a(ADC_INT.o)
                0x000012b8                ADC_ISR
 *fill*         0x000012c4        0x4 
 .text          0x000012c8       0x20 .\CortexM0\ARM_GCC_493\Debug\nodusC.a(CyBootAsmGnu.o)
                0x000012c8                CyDelayCycles
                0x000012da                CyEnterCriticalSection
                0x000012e2                CyExitCriticalSection
 .text.CySysClkEcoReadStatus
                0x000012e8       0x10 .\CortexM0\ARM_GCC_493\Debug\nodusC.a(CyLib.o)
                0x000012e8                CySysClkEcoReadStatus
 .text.CyIntEnable
                0x000012f8       0x14 .\CortexM0\ARM_GCC_493\Debug\nodusC.a(CyLib.o)
                0x000012f8                CyIntEnable
 .text.CyHalt   0x0000130c        0x4 .\CortexM0\ARM_GCC_493\Debug\nodusC.a(CyLib.o)
                0x0000130c                CyHalt
 .text.CyIntSetVector
                0x00001310       0x24 .\CortexM0\ARM_GCC_493\Debug\nodusC.a(CyLib.o)
                0x00001310                CyIntSetVector
 .text.CyIntSetPriority
                0x00001334       0x4c .\CortexM0\ARM_GCC_493\Debug\nodusC.a(CyLib.o)
                0x00001334                CyIntSetPriority
 .text.CyDelay  0x00001380       0x30 .\CortexM0\ARM_GCC_493\Debug\nodusC.a(CyLib.o)
                0x00001380                CyDelay
 .text.CyDelayUs
                0x000013b0       0x14 .\CortexM0\ARM_GCC_493\Debug\nodusC.a(CyLib.o)
                0x000013b0                CyDelayUs
 .text.CySysClkWriteImoFreq
                0x000013c4      0x164 .\CortexM0\ARM_GCC_493\Debug\nodusC.a(CyLib.o)
                0x000013c4                CySysClkWriteImoFreq
 .text.CySysClkEcoStart
                0x00001528       0x54 .\CortexM0\ARM_GCC_493\Debug\nodusC.a(CyLib.o)
                0x00001528                CySysClkEcoStart
 .text.CySysPmSleep
                0x0000157c       0x1c .\CortexM0\ARM_GCC_493\Debug\nodusC.a(cyPm.o)
                0x0000157c                CySysPmSleep
 .text.CySysWdtLocked
                0x00001598       0x14 .\CortexM0\ARM_GCC_493\Debug\nodusC.a(CyLFClk.o)
 .text.CySysClkWcoStart
                0x000015ac       0x40 .\CortexM0\ARM_GCC_493\Debug\nodusC.a(CyLFClk.o)
                0x000015ac                CySysClkWcoStart
 .text.CySysClkWcoSetPowerMode
                0x000015ec       0x80 .\CortexM0\ARM_GCC_493\Debug\nodusC.a(CyLFClk.o)
                0x000015ec                CySysClkWcoSetPowerMode
 .text.CySysWdtLock
                0x0000166c       0x1c .\CortexM0\ARM_GCC_493\Debug\nodusC.a(CyLFClk.o)
                0x0000166c                CySysWdtLock
 .text.CySysWdtUnlock
                0x00001688       0x30 .\CortexM0\ARM_GCC_493\Debug\nodusC.a(CyLFClk.o)
                0x00001688                CySysWdtUnlock
 .text.CySysWdtClearInterrupt
                0x000016b8       0x4c .\CortexM0\ARM_GCC_493\Debug\nodusC.a(CyLFClk.o)
                0x000016b8                CySysWdtClearInterrupt
 .text.CySysWdtIsr
                0x00001704       0xa4 .\CortexM0\ARM_GCC_493\Debug\nodusC.a(CyLFClk.o)
                0x00001704                CySysWdtIsr
 .text.PIN_SENSOR_1_Write
                0x000017a8       0x18 .\CortexM0\ARM_GCC_493\Debug\nodusC.a(PIN_SENSOR_1.o)
                0x000017a8                PIN_SENSOR_1_Write
 .text.PIN_SENSOR_2_Write
                0x000017c0       0x18 .\CortexM0\ARM_GCC_493\Debug\nodusC.a(PIN_SENSOR_2.o)
                0x000017c0                PIN_SENSOR_2_Write
 .text.PIN_RESISTOR_Write
                0x000017d8       0x18 .\CortexM0\ARM_GCC_493\Debug\nodusC.a(PIN_RESISTOR.o)
                0x000017d8                PIN_RESISTOR_Write
 .text.PIN_SENSOR_3_Write
                0x000017f0       0x18 .\CortexM0\ARM_GCC_493\Debug\nodusC.a(PIN_SENSOR_3.o)
                0x000017f0                PIN_SENSOR_3_Write
 .text.PIN_SENSOR_4_Write
                0x00001808       0x18 .\CortexM0\ARM_GCC_493\Debug\nodusC.a(PIN_SENSOR_4.o)
                0x00001808                PIN_SENSOR_4_Write
 .text          0x00001820      0x120 c:/program files (x86)/cypress/psoc creator/3.3/psoc creator/import/gnu/arm/4.9.3/bin/../lib/gcc/arm-none-eabi/4.9.3/armv6-m\libgcc.a(_udivsi3.o)
                0x00001820                __aeabi_uidiv
                0x00001820                __udivsi3
                0x0000192c                __aeabi_uidivmod
 .text          0x00001940      0x1e0 c:/program files (x86)/cypress/psoc creator/3.3/psoc creator/import/gnu/arm/4.9.3/bin/../lib/gcc/arm-none-eabi/4.9.3/armv6-m\libgcc.a(_divsi3.o)
                0x00001940                __divsi3
                0x00001940                __aeabi_idiv
                0x00001b0c                __aeabi_idivmod
 .text          0x00001b20        0x4 c:/program files (x86)/cypress/psoc creator/3.3/psoc creator/import/gnu/arm/4.9.3/bin/../lib/gcc/arm-none-eabi/4.9.3/armv6-m\libgcc.a(_dvmd_tls.o)
                0x00001b20                __aeabi_idiv0
                0x00001b20                __aeabi_ldiv0
 .text          0x00001b24      0x2f8 c:/program files (x86)/cypress/psoc creator/3.3/psoc creator/import/gnu/arm/4.9.3/bin/../lib/gcc/arm-none-eabi/4.9.3/armv6-m\libgcc.a(addsf3.o)
                0x00001b24                __aeabi_fadd
 .text          0x00001e1c      0x270 c:/program files (x86)/cypress/psoc creator/3.3/psoc creator/import/gnu/arm/4.9.3/bin/../lib/gcc/arm-none-eabi/4.9.3/armv6-m\libgcc.a(divsf3.o)
                0x00001e1c                __aeabi_fdiv
 .text          0x0000208c      0x264 c:/program files (x86)/cypress/psoc creator/3.3/psoc creator/import/gnu/arm/4.9.3/bin/../lib/gcc/arm-none-eabi/4.9.3/armv6-m\libgcc.a(mulsf3.o)
                0x0000208c                __aeabi_fmul
 .text          0x000022f0      0x2fc c:/program files (x86)/cypress/psoc creator/3.3/psoc creator/import/gnu/arm/4.9.3/bin/../lib/gcc/arm-none-eabi/4.9.3/armv6-m\libgcc.a(subsf3.o)
                0x000022f0                __aeabi_fsub
 .text          0x000025ec       0x40 c:/program files (x86)/cypress/psoc creator/3.3/psoc creator/import/gnu/arm/4.9.3/bin/../lib/gcc/arm-none-eabi/4.9.3/armv6-m\libgcc.a(fixsfsi.o)
                0x000025ec                __aeabi_f2iz
 .text          0x0000262c       0x90 c:/program files (x86)/cypress/psoc creator/3.3/psoc creator/import/gnu/arm/4.9.3/bin/../lib/gcc/arm-none-eabi/4.9.3/armv6-m\libgcc.a(floatsisf.o)
                0x0000262c                __aeabi_i2f
 .text          0x000026bc       0x3c c:/program files (x86)/cypress/psoc creator/3.3/psoc creator/import/gnu/arm/4.9.3/bin/../lib/gcc/arm-none-eabi/4.9.3/armv6-m\libgcc.a(_clzsi2.o)
                0x000026bc                __clzsi2
 .text.__libc_init_array
                0x000026f8       0x4c c:/program files (x86)/cypress/psoc creator/3.3/psoc creator/import/gnu/arm/4.9.3/bin/../lib/gcc/arm-none-eabi/4.9.3/../../../../arm-none-eabi/lib/armv6-m\libg_nano.a(lib_a-init.o)
                0x000026f8                __libc_init_array
 .text.memset   0x00002744       0x10 c:/program files (x86)/cypress/psoc creator/3.3/psoc creator/import/gnu/arm/4.9.3/bin/../lib/gcc/arm-none-eabi/4.9.3/../../../../arm-none-eabi/lib/armv6-m\libg_nano.a(lib_a-memset.o)
                0x00002744                memset
 *(.plt)
 *(.gnu.warning)
 *(.glue_7t)
 .glue_7t       0x00000000        0x0 linker stubs
 *(.glue_7)
 .glue_7        0x00000000        0x0 linker stubs
 *(.vfp11_veneer)
 .vfp11_veneer  0x00000000        0x0 linker stubs
 *(.bootloader)
 *(.ARM.extab* .gnu.linkonce.armextab.*)
 *(.gcc_except_table)

.v4_bx          0x00002754        0x0
 .v4_bx         0x00000000        0x0 linker stubs

.iplt           0x00002754        0x0
 .iplt          0x00000000        0x0 c:/program files (x86)/cypress/psoc creator/3.3/psoc creator/import/gnu/arm/4.9.3/bin/../lib/gcc/arm-none-eabi/4.9.3/armv6-m/crtbegin.o

.eh_frame_hdr
 *(.eh_frame_hdr)

.eh_frame       0x00002754        0x4
 *(.eh_frame)
 .eh_frame      0x00002754        0x0 c:/program files (x86)/cypress/psoc creator/3.3/psoc creator/import/gnu/arm/4.9.3/bin/../lib/gcc/arm-none-eabi/4.9.3/armv6-m/crtbegin.o
 .eh_frame      0x00002754        0x4 c:/program files (x86)/cypress/psoc creator/3.3/psoc creator/import/gnu/arm/4.9.3/bin/../lib/gcc/arm-none-eabi/4.9.3/armv6-m/crtend.o
                0x00002758                PROVIDE (__exidx_start, .)

.ARM.exidx
 *(.ARM.exidx* .gnu.linkonce.armexidx.*)
                0x00002758                __exidx_end = .

.rodata         0x00002758      0x3a8
 *(.rodata .rodata.* .gnu.linkonce.r.*)
 .rodata.str1.4
                0x00002758      0x24e .\CortexM0\ARM_GCC_493\Debug\main.o
                                0x254 (size before relaxing)
 *fill*         0x000029a6        0x2 
 .rodata.str1.4
                0x000029a8       0x18 .\CortexM0\ARM_GCC_493\Debug\queue.o
 .rodata        0x000029c0        0xc .\CortexM0\ARM_GCC_493\Debug\nodusC.a(cyfitter_cfg.o)
 .rodata        0x000029cc        0xc .\CortexM0\ARM_GCC_493\Debug\nodusC.a(ADC.o)
 .rodata        0x000029d8       0x30 .\CortexM0\ARM_GCC_493\Debug\nodusC.a(CyLib.o)
                0x000029d8                cyImoFreqMhz2Reg
 .rodata        0x00002a08       0x80 c:/program files (x86)/cypress/psoc creator/3.3/psoc creator/import/gnu/arm/4.9.3/bin/../lib/gcc/arm-none-eabi/4.9.3/armv6-m\libgcc.a(divsf3.o)
 .rodata        0x00002a88       0x40 c:/program files (x86)/cypress/psoc creator/3.3/psoc creator/import/gnu/arm/4.9.3/bin/../lib/gcc/arm-none-eabi/4.9.3/armv6-m\libgcc.a(mulsf3.o)
                0x00002ac8                . = ALIGN (0x4)
 *(.init)
 .init          0x00002ac8        0x4 c:/program files (x86)/cypress/psoc creator/3.3/psoc creator/import/gnu/arm/4.9.3/bin/../lib/gcc/arm-none-eabi/4.9.3/armv6-m/crti.o
                0x00002ac8                _init
 .init          0x00002acc        0x8 c:/program files (x86)/cypress/psoc creator/3.3/psoc creator/import/gnu/arm/4.9.3/bin/../lib/gcc/arm-none-eabi/4.9.3/armv6-m/crtn.o
                0x00002ad4                . = ALIGN (0x4)
                0x00002ad4                __preinit_array_start = .
 *(.preinit_array)
                0x00002ad4                __preinit_array_end = .
                0x00002ad4                . = ALIGN (0x4)
                0x00002ad4                __init_array_start = .
 *(SORT(.init_array.*))
 *(.init_array)
 .init_array    0x00002ad4        0x4 c:/program files (x86)/cypress/psoc creator/3.3/psoc creator/import/gnu/arm/4.9.3/bin/../lib/gcc/arm-none-eabi/4.9.3/armv6-m/crtbegin.o
 .init_array    0x00002ad8        0x4 .\CortexM0\ARM_GCC_493\Debug\Cm0Start.o
                0x00002adc                __init_array_end = .
                0x00002adc                . = ALIGN (0x4)
 *(.fini)
 .fini          0x00002adc        0x4 c:/program files (x86)/cypress/psoc creator/3.3/psoc creator/import/gnu/arm/4.9.3/bin/../lib/gcc/arm-none-eabi/4.9.3/armv6-m/crti.o
                0x00002adc                _fini
 .fini          0x00002ae0        0x8 c:/program files (x86)/cypress/psoc creator/3.3/psoc creator/import/gnu/arm/4.9.3/bin/../lib/gcc/arm-none-eabi/4.9.3/armv6-m/crtn.o
                0x00002ae8                . = ALIGN (0x4)
                0x00002ae8                __fini_array_start = .
 *(.fini_array)
 .fini_array    0x00002ae8        0x4 c:/program files (x86)/cypress/psoc creator/3.3/psoc creator/import/gnu/arm/4.9.3/bin/../lib/gcc/arm-none-eabi/4.9.3/armv6-m/crtbegin.o
 *(SORT(.fini_array.*))
                0x00002aec                __fini_array_end = .
                0x00002aec                . = ALIGN (0x4)
 *crtbegin.o(.ctors)
 *(EXCLUDE_FILE(*crtend.o) .ctors)
 *(SORT(.ctors.*))
 *crtend.o(.ctors)
                0x00002aec                . = ALIGN (0x4)
 *crtbegin.o(.dtors)
 *(EXCLUDE_FILE(*crtend.o) .dtors)
 *(SORT(.dtors.*))
 *crtend.o(.dtors)
                0x00002aec                . = ALIGN (0x4)
                0x00002aec                __cy_regions = .
                0x00002aec        0x4 LONG 0x2b00 __cy_region_init_ram
                0x00002af0        0x4 LONG 0x200000c8 __cy_region_start_data
                0x00002af4        0x4 LONG 0x20 __cy_region_init_size_ram
                0x00002af8        0x4 LONG 0xd0 __cy_region_zero_size_ram
                0x00002afc                __cy_regions_end = .
                0x00002b00                . = ALIGN (0x8)
 *fill*         0x00002afc        0x4 
                0x00002b00                _etext = .

.cy_checksum_exclude
                0x00002b00        0x0
 *(.cy_checksum_exclude)

.ramvectors     0x20000000       0xc0
                0x20000000                __cy_region_start_ram = .
 *(.ramvectors)
 .ramvectors    0x20000000       0xc0 .\CortexM0\ARM_GCC_493\Debug\Cm0Start.o
                0x20000000                CyRamVectors

.noinit         0x200000c0        0x4
 *(.noinit)
 .noinit        0x200000c0        0x4 .\CortexM0\ARM_GCC_493\Debug\Cm0Start.o

.data           0x200000c8       0x20 load address 0x00002b00
                0x200000c8                __cy_region_start_data = .
 *(.jcr)
 .jcr           0x200000c8        0x0 c:/program files (x86)/cypress/psoc creator/3.3/psoc creator/import/gnu/arm/4.9.3/bin/../lib/gcc/arm-none-eabi/4.9.3/armv6-m/crtbegin.o
 .jcr           0x200000c8        0x4 c:/program files (x86)/cypress/psoc creator/3.3/psoc creator/import/gnu/arm/4.9.3/bin/../lib/gcc/arm-none-eabi/4.9.3/armv6-m/crtend.o
 *(.got.plt)
 *(.got)
 *(.shdata)
 *(.data .data.* .gnu.linkonce.d.*)
 .data          0x200000cc       0x10 .\CortexM0\ARM_GCC_493\Debug\nodusC.a(CyLib.o)
                0x200000cc                cydelay32kMs
                0x200000d0                cydelayFreqKhz
                0x200000d4                cydelayFreqMhz
                0x200000d8                cydelayFreqHz
 .data          0x200000dc        0x8 .\CortexM0\ARM_GCC_493\Debug\nodusC.a(CyLFClk.o)
                0x200000e8                . = ALIGN (0x8)
 *fill*         0x200000e4        0x4 
 *(.ram)
                0x200000e8                _edata = .

.igot.plt       0x200000e8        0x0 load address 0x00002b20
 .igot.plt      0x00000000        0x0 c:/program files (x86)/cypress/psoc creator/3.3/psoc creator/import/gnu/arm/4.9.3/bin/../lib/gcc/arm-none-eabi/4.9.3/armv6-m/crtbegin.o

.bss            0x200000e8       0xd0 load address 0x00002b20
                0x200000e8                PROVIDE (__bss_start__, .)
 *(.shbss)
 *(.bss .bss.* .gnu.linkonce.b.*)
 .bss           0x200000e8       0x1c c:/program files (x86)/cypress/psoc creator/3.3/psoc creator/import/gnu/arm/4.9.3/bin/../lib/gcc/arm-none-eabi/4.9.3/armv6-m/crtbegin.o
 .bss           0x20000104       0x74 .\CortexM0\ARM_GCC_493\Debug\main.o
 .bss           0x20000178        0x4 .\CortexM0\ARM_GCC_493\Debug\nodusC.a(UART.o)
                0x20000178                UART_initVar
                0x2000017a                UART_IntrTxMask
 .bss           0x2000017c        0x1 .\CortexM0\ARM_GCC_493\Debug\nodusC.a(Timer.o)
                0x2000017c                Timer_initVar
 .bss           0x2000017d        0x1 .\CortexM0\ARM_GCC_493\Debug\nodusC.a(ADC.o)
                0x2000017d                ADC_initVar
 *fill*         0x2000017e        0x2 
 .bss           0x20000180       0x28 .\CortexM0\ARM_GCC_493\Debug\nodusC.a(CyLFClk.o)
 *(COMMON)
 COMMON         0x200001a8        0xc .\CortexM0\ARM_GCC_493\Debug\nodusC.a(ADC.o)
                0x200001a8                ADC_countsPer10Volt
                0x200001b0                ADC_offset
                0x200001b8                . = ALIGN (0x8)
 *fill*         0x200001b4        0x4 
 *(.ram.b)
                0x200001b8                _end = .
                0x200001b8                __end = .
                0x200001b8                PROVIDE (end, .)
                0x200001b8                PROVIDE (__bss_end__, .)
                0x00002b00                __cy_region_init_ram = LOADADDR (.data)
                0x00000020                __cy_region_init_size_ram = (_edata - ADDR (.data))
                0x000000d0                __cy_region_zero_size_ram = (_end - _edata)

.heap           0x200001b8       0x80 load address 0x00002b20
                0x200001b8                . = _end
                0x20000238                . = (. + 0x80)
 *fill*         0x200001b8       0x80 
                0x20000238                __cy_heap_limit = .

.stack          0x20007800      0x800
                0x20007800                __cy_stack_limit = .
                0x20008000                . = (. + 0x800)
 *fill*         0x20007800      0x800 
                0x00000001                ASSERT ((__cy_stack_limit >= __cy_heap_limit), region RAM overflowed with stack)
                0x00000000                cy_checksum_exclude_size = (CY_APPL_LOADABLE == 0x1)?SIZEOF (.cy_checksum_exclude):0x0
                0x00000001                ASSERT ((cy_checksum_exclude_size <= CY_CHECKSUM_EXCLUDE_SIZE), CY_BOOT: Section .cy_checksum_exclude size exceedes specified limit.)
                0x0003ffc0                cyloadermeta_start = (cy_project_type_bootloader || cy_project_type_app_for_stack_and_copier)?(0x40000 - CY_METADATA_SIZE):0xf0000000

.cyloadermeta
 *(.cyloadermeta)
                0x0003ffc0                cyloadablemeta_start = cy_project_type_app_for_stack_and_copier?((0x40000 - CY_FLASH_ROW_SIZE) - CY_METADATA_SIZE):((0x40000 - (CY_FLASH_ROW_SIZE * (CY_APPL_NUM - 0x1))) - CY_METADATA_SIZE)

.cyloadablemeta
 *(.cyloadablemeta)

.cyflashprotect
                0x90400000       0x80
 *(.cyflashprotect)
 .cyflashprotect
                0x90400000       0x80 .\CortexM0\ARM_GCC_493\Debug\cymetadata.o
                0x90400000                cy_meta_flashprotect

.cymeta         0x90500000        0xc
 *(.cymeta)
 .cymeta        0x90500000        0xc .\CortexM0\ARM_GCC_493\Debug\cymetadata.o
                0x90500000                cy_metadata

.cychipprotect  0x90600000        0x4
 *(.cychipprotect)
 .cychipprotect
                0x90600000        0x4 .\CortexM0\ARM_GCC_493\Debug\cymetadata.o
                0x90600000                cy_meta_chipprotect

.rel.dyn        0x00002b20        0x0 load address 0x90600004
 .rel.iplt      0x00000000        0x0 c:/program files (x86)/cypress/psoc creator/3.3/psoc creator/import/gnu/arm/4.9.3/bin/../lib/gcc/arm-none-eabi/4.9.3/armv6-m/crtbegin.o

.stab
 *(.stab)

.stabstr
 *(.stabstr)

.debug
 *(.debug)

.line
 *(.line)

.debug_srcinfo
 *(.debug_srcinfo)

.debug_sfnames
 *(.debug_sfnames)

.debug_aranges  0x00000000      0xc38
 *(.debug_aranges)
 .debug_aranges
                0x00000000       0xa8 .\CortexM0\ARM_GCC_493\Debug\main.o
 .debug_aranges
                0x000000a8      0x140 .\CortexM0\ARM_GCC_493\Debug\nodus_api.o
 .debug_aranges
                0x000001e8       0x40 .\CortexM0\ARM_GCC_493\Debug\queue.o
 .debug_aranges
                0x00000228       0x40 .\CortexM0\ARM_GCC_493\Debug\adc_queue.o
 .debug_aranges
                0x00000268       0x18 .\CortexM0\ARM_GCC_493\Debug\cymetadata.o
 .debug_aranges
                0x00000280       0x48 .\CortexM0\ARM_GCC_493\Debug\Cm0Start.o
 .debug_aranges
                0x000002c8       0x40 .\CortexM0\ARM_GCC_493\Debug\nodusC.a(cyfitter_cfg.o)
 .debug_aranges
                0x00000308       0x58 .\CortexM0\ARM_GCC_493\Debug\nodusC.a(UART.o)
 .debug_aranges
                0x00000360       0x60 .\CortexM0\ARM_GCC_493\Debug\nodusC.a(UART_SPI_UART.o)
 .debug_aranges
                0x000003c0       0x88 .\CortexM0\ARM_GCC_493\Debug\nodusC.a(UART_UART.o)
 .debug_aranges
                0x00000448       0x80 .\CortexM0\ARM_GCC_493\Debug\nodusC.a(Timer_Int.o)
 .debug_aranges
                0x000004c8      0x158 .\CortexM0\ARM_GCC_493\Debug\nodusC.a(Timer.o)
 .debug_aranges
                0x00000620       0x20 .\CortexM0\ARM_GCC_493\Debug\nodusC.a(DieTemp.o)
 .debug_aranges
                0x00000640       0xb0 .\CortexM0\ARM_GCC_493\Debug\nodusC.a(ADC.o)
 .debug_aranges
                0x000006f0       0x20 .\CortexM0\ARM_GCC_493\Debug\nodusC.a(ADC_INT.o)
 .debug_aranges
                0x00000710       0x20 .\CortexM0\ARM_GCC_493\Debug\nodusC.a(CyBootAsmGnu.o)
 .debug_aranges
                0x00000730      0x1c0 .\CortexM0\ARM_GCC_493\Debug\nodusC.a(CyLib.o)
 .debug_aranges
                0x000008f0       0x58 .\CortexM0\ARM_GCC_493\Debug\nodusC.a(cyPm.o)
 .debug_aranges
                0x00000948      0x188 .\CortexM0\ARM_GCC_493\Debug\nodusC.a(CyLFClk.o)
 .debug_aranges
                0x00000ad0       0x48 .\CortexM0\ARM_GCC_493\Debug\nodusC.a(PIN_SENSOR_1.o)
 .debug_aranges
                0x00000b18       0x48 .\CortexM0\ARM_GCC_493\Debug\nodusC.a(PIN_SENSOR_2.o)
 .debug_aranges
                0x00000b60       0x48 .\CortexM0\ARM_GCC_493\Debug\nodusC.a(PIN_RESISTOR.o)
 .debug_aranges
                0x00000ba8       0x48 .\CortexM0\ARM_GCC_493\Debug\nodusC.a(PIN_SENSOR_3.o)
 .debug_aranges
                0x00000bf0       0x48 .\CortexM0\ARM_GCC_493\Debug\nodusC.a(PIN_SENSOR_4.o)

.debug_pubnames
 *(.debug_pubnames)

.debug_info     0x00000000     0x704a
 *(.debug_info .gnu.linkonce.wi.*)
 .debug_info    0x00000000     0x1c54 .\CortexM0\ARM_GCC_493\Debug\main.o
 .debug_info    0x00001c54      0x29b .\CortexM0\ARM_GCC_493\Debug\nodus_api.o
 .debug_info    0x00001eef      0x289 .\CortexM0\ARM_GCC_493\Debug\queue.o
 .debug_info    0x00002178      0x248 .\CortexM0\ARM_GCC_493\Debug\adc_queue.o
 .debug_info    0x000023c0       0xfe .\CortexM0\ARM_GCC_493\Debug\cymetadata.o
 .debug_info    0x000024be      0x38c .\CortexM0\ARM_GCC_493\Debug\Cm0Start.o
 .debug_info    0x0000284a      0x3bb .\CortexM0\ARM_GCC_493\Debug\nodusC.a(cyfitter_cfg.o)
 .debug_info    0x00002c05      0x227 .\CortexM0\ARM_GCC_493\Debug\nodusC.a(UART.o)
 .debug_info    0x00002e2c      0x219 .\CortexM0\ARM_GCC_493\Debug\nodusC.a(UART_SPI_UART.o)
 .debug_info    0x00003045      0x369 .\CortexM0\ARM_GCC_493\Debug\nodusC.a(UART_UART.o)
 .debug_info    0x000033ae      0x300 .\CortexM0\ARM_GCC_493\Debug\nodusC.a(Timer_Int.o)
 .debug_info    0x000036ae      0x8f1 .\CortexM0\ARM_GCC_493\Debug\nodusC.a(Timer.o)
 .debug_info    0x00003f9f      0x12b .\CortexM0\ARM_GCC_493\Debug\nodusC.a(DieTemp.o)
 .debug_info    0x000040ca      0x5d1 .\CortexM0\ARM_GCC_493\Debug\nodusC.a(ADC.o)
 .debug_info    0x0000469b       0xc4 .\CortexM0\ARM_GCC_493\Debug\nodusC.a(ADC_INT.o)
 .debug_info    0x0000475f       0x8d .\CortexM0\ARM_GCC_493\Debug\nodusC.a(CyBootAsmGnu.o)
 .debug_info    0x000047ec      0xcfa .\CortexM0\ARM_GCC_493\Debug\nodusC.a(CyLib.o)
 .debug_info    0x000054e6      0x2e6 .\CortexM0\ARM_GCC_493\Debug\nodusC.a(cyPm.o)
 .debug_info    0x000057cc     0x106f .\CortexM0\ARM_GCC_493\Debug\nodusC.a(CyLFClk.o)
 .debug_info    0x0000683b      0x19d .\CortexM0\ARM_GCC_493\Debug\nodusC.a(PIN_SENSOR_1.o)
 .debug_info    0x000069d8      0x19d .\CortexM0\ARM_GCC_493\Debug\nodusC.a(PIN_SENSOR_2.o)
 .debug_info    0x00006b75      0x19d .\CortexM0\ARM_GCC_493\Debug\nodusC.a(PIN_RESISTOR.o)
 .debug_info    0x00006d12      0x19d .\CortexM0\ARM_GCC_493\Debug\nodusC.a(PIN_SENSOR_3.o)
 .debug_info    0x00006eaf      0x19b .\CortexM0\ARM_GCC_493\Debug\nodusC.a(PIN_SENSOR_4.o)

.debug_abbrev   0x00000000     0x1d31
 *(.debug_abbrev)
 .debug_abbrev  0x00000000      0x3b4 .\CortexM0\ARM_GCC_493\Debug\main.o
 .debug_abbrev  0x000003b4       0x2a .\CortexM0\ARM_GCC_493\Debug\nodus_api.o
 .debug_abbrev  0x000003de      0x136 .\CortexM0\ARM_GCC_493\Debug\queue.o
 .debug_abbrev  0x00000514      0x118 .\CortexM0\ARM_GCC_493\Debug\adc_queue.o
 .debug_abbrev  0x0000062c       0x5d .\CortexM0\ARM_GCC_493\Debug\cymetadata.o
 .debug_abbrev  0x00000689      0x1fe .\CortexM0\ARM_GCC_493\Debug\Cm0Start.o
 .debug_abbrev  0x00000887      0x1bb .\CortexM0\ARM_GCC_493\Debug\nodusC.a(cyfitter_cfg.o)
 .debug_abbrev  0x00000a42       0xd5 .\CortexM0\ARM_GCC_493\Debug\nodusC.a(UART.o)
 .debug_abbrev  0x00000b17      0x14f .\CortexM0\ARM_GCC_493\Debug\nodusC.a(UART_SPI_UART.o)
 .debug_abbrev  0x00000c66      0x14c .\CortexM0\ARM_GCC_493\Debug\nodusC.a(UART_UART.o)
 .debug_abbrev  0x00000db2      0x1b4 .\CortexM0\ARM_GCC_493\Debug\nodusC.a(Timer_Int.o)
 .debug_abbrev  0x00000f66      0x133 .\CortexM0\ARM_GCC_493\Debug\nodusC.a(Timer.o)
 .debug_abbrev  0x00001099       0x85 .\CortexM0\ARM_GCC_493\Debug\nodusC.a(DieTemp.o)
 .debug_abbrev  0x0000111e      0x1dd .\CortexM0\ARM_GCC_493\Debug\nodusC.a(ADC.o)
 .debug_abbrev  0x000012fb       0x65 .\CortexM0\ARM_GCC_493\Debug\nodusC.a(ADC_INT.o)
 .debug_abbrev  0x00001360       0x14 .\CortexM0\ARM_GCC_493\Debug\nodusC.a(CyBootAsmGnu.o)
 .debug_abbrev  0x00001374      0x20d .\CortexM0\ARM_GCC_493\Debug\nodusC.a(CyLib.o)
 .debug_abbrev  0x00001581      0x155 .\CortexM0\ARM_GCC_493\Debug\nodusC.a(cyPm.o)
 .debug_abbrev  0x000016d6      0x273 .\CortexM0\ARM_GCC_493\Debug\nodusC.a(CyLFClk.o)
 .debug_abbrev  0x00001949       0xc8 .\CortexM0\ARM_GCC_493\Debug\nodusC.a(PIN_SENSOR_1.o)
 .debug_abbrev  0x00001a11       0xc8 .\CortexM0\ARM_GCC_493\Debug\nodusC.a(PIN_SENSOR_2.o)
 .debug_abbrev  0x00001ad9       0xc8 .\CortexM0\ARM_GCC_493\Debug\nodusC.a(PIN_RESISTOR.o)
 .debug_abbrev  0x00001ba1       0xc8 .\CortexM0\ARM_GCC_493\Debug\nodusC.a(PIN_SENSOR_3.o)
 .debug_abbrev  0x00001c69       0xc8 .\CortexM0\ARM_GCC_493\Debug\nodusC.a(PIN_SENSOR_4.o)

.debug_line     0x00000000     0x29bb
 *(.debug_line)
 .debug_line    0x00000000      0x41e .\CortexM0\ARM_GCC_493\Debug\main.o
 .debug_line    0x0000041e      0x296 .\CortexM0\ARM_GCC_493\Debug\nodus_api.o
 .debug_line    0x000006b4       0xe2 .\CortexM0\ARM_GCC_493\Debug\queue.o
 .debug_line    0x00000796       0xe6 .\CortexM0\ARM_GCC_493\Debug\adc_queue.o
 .debug_line    0x0000087c       0x53 .\CortexM0\ARM_GCC_493\Debug\cymetadata.o
 .debug_line    0x000008cf      0x249 .\CortexM0\ARM_GCC_493\Debug\Cm0Start.o
 .debug_line    0x00000b18      0x18a .\CortexM0\ARM_GCC_493\Debug\nodusC.a(cyfitter_cfg.o)
 .debug_line    0x00000ca2      0x121 .\CortexM0\ARM_GCC_493\Debug\nodusC.a(UART.o)
 .debug_line    0x00000dc3      0x133 .\CortexM0\ARM_GCC_493\Debug\nodusC.a(UART_SPI_UART.o)
 .debug_line    0x00000ef6      0x1c7 .\CortexM0\ARM_GCC_493\Debug\nodusC.a(UART_UART.o)
 .debug_line    0x000010bd      0x16e .\CortexM0\ARM_GCC_493\Debug\nodusC.a(Timer_Int.o)
 .debug_line    0x0000122b      0x37b .\CortexM0\ARM_GCC_493\Debug\nodusC.a(Timer.o)
 .debug_line    0x000015a6       0x6e .\CortexM0\ARM_GCC_493\Debug\nodusC.a(DieTemp.o)
 .debug_line    0x00001614      0x2b4 .\CortexM0\ARM_GCC_493\Debug\nodusC.a(ADC.o)
 .debug_line    0x000018c8       0x64 .\CortexM0\ARM_GCC_493\Debug\nodusC.a(ADC_INT.o)
 .debug_line    0x0000192c       0x6a .\CortexM0\ARM_GCC_493\Debug\nodusC.a(CyBootAsmGnu.o)
 .debug_line    0x00001996      0x525 .\CortexM0\ARM_GCC_493\Debug\nodusC.a(CyLib.o)
 .debug_line    0x00001ebb      0x145 .\CortexM0\ARM_GCC_493\Debug\nodusC.a(cyPm.o)
 .debug_line    0x00002000      0x5de .\CortexM0\ARM_GCC_493\Debug\nodusC.a(CyLFClk.o)
 .debug_line    0x000025de       0xc6 .\CortexM0\ARM_GCC_493\Debug\nodusC.a(PIN_SENSOR_1.o)
 .debug_line    0x000026a4       0xc6 .\CortexM0\ARM_GCC_493\Debug\nodusC.a(PIN_SENSOR_2.o)
 .debug_line    0x0000276a       0xc6 .\CortexM0\ARM_GCC_493\Debug\nodusC.a(PIN_RESISTOR.o)
 .debug_line    0x00002830       0xc6 .\CortexM0\ARM_GCC_493\Debug\nodusC.a(PIN_SENSOR_3.o)
 .debug_line    0x000028f6       0xc5 .\CortexM0\ARM_GCC_493\Debug\nodusC.a(PIN_SENSOR_4.o)

.debug_frame    0x00000000     0x1f98
 *(.debug_frame)
 .debug_frame   0x00000000      0x248 .\CortexM0\ARM_GCC_493\Debug\main.o
 .debug_frame   0x00000248      0x260 .\CortexM0\ARM_GCC_493\Debug\nodus_api.o
 .debug_frame   0x000004a8       0x8c .\CortexM0\ARM_GCC_493\Debug\queue.o
 .debug_frame   0x00000534       0x84 .\CortexM0\ARM_GCC_493\Debug\adc_queue.o
 .debug_frame   0x000005b8       0xb0 .\CortexM0\ARM_GCC_493\Debug\Cm0Start.o
 .debug_frame   0x00000668       0x94 .\CortexM0\ARM_GCC_493\Debug\nodusC.a(cyfitter_cfg.o)
 .debug_frame   0x000006fc       0xd8 .\CortexM0\ARM_GCC_493\Debug\nodusC.a(UART.o)
 .debug_frame   0x000007d4       0xb0 .\CortexM0\ARM_GCC_493\Debug\nodusC.a(UART_SPI_UART.o)
 .debug_frame   0x00000884      0x130 .\CortexM0\ARM_GCC_493\Debug\nodusC.a(UART_UART.o)
 .debug_frame   0x000009b4      0x110 .\CortexM0\ARM_GCC_493\Debug\nodusC.a(Timer_Int.o)
 .debug_frame   0x00000ac4      0x390 .\CortexM0\ARM_GCC_493\Debug\nodusC.a(Timer.o)
 .debug_frame   0x00000e54       0x2c .\CortexM0\ARM_GCC_493\Debug\nodusC.a(DieTemp.o)
 .debug_frame   0x00000e80      0x1c0 .\CortexM0\ARM_GCC_493\Debug\nodusC.a(ADC.o)
 .debug_frame   0x00001040       0x20 .\CortexM0\ARM_GCC_493\Debug\nodusC.a(ADC_INT.o)
 .debug_frame   0x00001060      0x484 .\CortexM0\ARM_GCC_493\Debug\nodusC.a(CyLib.o)
 .debug_frame   0x000014e4       0xe8 .\CortexM0\ARM_GCC_493\Debug\nodusC.a(cyPm.o)
 .debug_frame   0x000015cc      0x4a8 .\CortexM0\ARM_GCC_493\Debug\nodusC.a(CyLFClk.o)
 .debug_frame   0x00001a74       0x70 .\CortexM0\ARM_GCC_493\Debug\nodusC.a(PIN_SENSOR_1.o)
 .debug_frame   0x00001ae4       0x70 .\CortexM0\ARM_GCC_493\Debug\nodusC.a(PIN_SENSOR_2.o)
 .debug_frame   0x00001b54       0x70 .\CortexM0\ARM_GCC_493\Debug\nodusC.a(PIN_RESISTOR.o)
 .debug_frame   0x00001bc4       0x70 .\CortexM0\ARM_GCC_493\Debug\nodusC.a(PIN_SENSOR_3.o)
 .debug_frame   0x00001c34       0x70 .\CortexM0\ARM_GCC_493\Debug\nodusC.a(PIN_SENSOR_4.o)
 .debug_frame   0x00001ca4       0x20 c:/program files (x86)/cypress/psoc creator/3.3/psoc creator/import/gnu/arm/4.9.3/bin/../lib/gcc/arm-none-eabi/4.9.3/armv6-m\libgcc.a(_udivsi3.o)
 .debug_frame   0x00001cc4       0x20 c:/program files (x86)/cypress/psoc creator/3.3/psoc creator/import/gnu/arm/4.9.3/bin/../lib/gcc/arm-none-eabi/4.9.3/armv6-m\libgcc.a(_divsi3.o)
 .debug_frame   0x00001ce4       0x34 c:/program files (x86)/cypress/psoc creator/3.3/psoc creator/import/gnu/arm/4.9.3/bin/../lib/gcc/arm-none-eabi/4.9.3/armv6-m\libgcc.a(_muldi3.o)
 .debug_frame   0x00001d18       0x50 c:/program files (x86)/cypress/psoc creator/3.3/psoc creator/import/gnu/arm/4.9.3/bin/../lib/gcc/arm-none-eabi/4.9.3/armv6-m\libgcc.a(bpabi.o)
 .debug_frame   0x00001d68       0x30 c:/program files (x86)/cypress/psoc creator/3.3/psoc creator/import/gnu/arm/4.9.3/bin/../lib/gcc/arm-none-eabi/4.9.3/armv6-m\libgcc.a(addsf3.o)
 .debug_frame   0x00001d98       0x3c c:/program files (x86)/cypress/psoc creator/3.3/psoc creator/import/gnu/arm/4.9.3/bin/../lib/gcc/arm-none-eabi/4.9.3/armv6-m\libgcc.a(divsf3.o)
 .debug_frame   0x00001dd4       0x3c c:/program files (x86)/cypress/psoc creator/3.3/psoc creator/import/gnu/arm/4.9.3/bin/../lib/gcc/arm-none-eabi/4.9.3/armv6-m\libgcc.a(mulsf3.o)
 .debug_frame   0x00001e10       0x30 c:/program files (x86)/cypress/psoc creator/3.3/psoc creator/import/gnu/arm/4.9.3/bin/../lib/gcc/arm-none-eabi/4.9.3/armv6-m\libgcc.a(subsf3.o)
 .debug_frame   0x00001e40       0x20 c:/program files (x86)/cypress/psoc creator/3.3/psoc creator/import/gnu/arm/4.9.3/bin/../lib/gcc/arm-none-eabi/4.9.3/armv6-m\libgcc.a(fixsfsi.o)
 .debug_frame   0x00001e60       0x2c c:/program files (x86)/cypress/psoc creator/3.3/psoc creator/import/gnu/arm/4.9.3/bin/../lib/gcc/arm-none-eabi/4.9.3/armv6-m\libgcc.a(floatsisf.o)
 .debug_frame   0x00001e8c       0x3c c:/program files (x86)/cypress/psoc creator/3.3/psoc creator/import/gnu/arm/4.9.3/bin/../lib/gcc/arm-none-eabi/4.9.3/armv6-m\libgcc.a(_divdi3.o)
 .debug_frame   0x00001ec8       0x3c c:/program files (x86)/cypress/psoc creator/3.3/psoc creator/import/gnu/arm/4.9.3/bin/../lib/gcc/arm-none-eabi/4.9.3/armv6-m\libgcc.a(_udivdi3.o)
 .debug_frame   0x00001f04       0x20 c:/program files (x86)/cypress/psoc creator/3.3/psoc creator/import/gnu/arm/4.9.3/bin/../lib/gcc/arm-none-eabi/4.9.3/../../../../arm-none-eabi/lib/armv6-m\libg_nano.a(lib_a-errno.o)
 .debug_frame   0x00001f24       0x28 c:/program files (x86)/cypress/psoc creator/3.3/psoc creator/import/gnu/arm/4.9.3/bin/../lib/gcc/arm-none-eabi/4.9.3/../../../../arm-none-eabi/lib/armv6-m\libg_nano.a(lib_a-exit.o)
 .debug_frame   0x00001f4c       0x2c c:/program files (x86)/cypress/psoc creator/3.3/psoc creator/import/gnu/arm/4.9.3/bin/../lib/gcc/arm-none-eabi/4.9.3/../../../../arm-none-eabi/lib/armv6-m\libg_nano.a(lib_a-init.o)
 .debug_frame   0x00001f78       0x20 c:/program files (x86)/cypress/psoc creator/3.3/psoc creator/import/gnu/arm/4.9.3/bin/../lib/gcc/arm-none-eabi/4.9.3/../../../../arm-none-eabi/lib/armv6-m\libg_nano.a(lib_a-memset.o)

.debug_str      0x00000000     0x5384
 *(.debug_str)
 .debug_str     0x00000000     0x3277 .\CortexM0\ARM_GCC_493\Debug\main.o
                               0x3309 (size before relaxing)
 .debug_str     0x00003277      0x2ad .\CortexM0\ARM_GCC_493\Debug\nodus_api.o
                                0x378 (size before relaxing)
 .debug_str     0x00003524       0x14 .\CortexM0\ARM_GCC_493\Debug\queue.o
                                0x215 (size before relaxing)
 .debug_str     0x00003538       0x4b .\CortexM0\ARM_GCC_493\Debug\adc_queue.o
                                0x20a (size before relaxing)
 .debug_str     0x00003583       0x5b .\CortexM0\ARM_GCC_493\Debug\cymetadata.o
                                0x1cb (size before relaxing)
 .debug_str     0x000035de      0x149 .\CortexM0\ARM_GCC_493\Debug\Cm0Start.o
                                0x2f2 (size before relaxing)
 .debug_str     0x00003727      0x129 .\CortexM0\ARM_GCC_493\Debug\nodusC.a(cyfitter_cfg.o)
                                0x2db (size before relaxing)
 .debug_str     0x00003850       0xf9 .\CortexM0\ARM_GCC_493\Debug\nodusC.a(UART.o)
                                0x288 (size before relaxing)
 .debug_str     0x00003949      0x11f .\CortexM0\ARM_GCC_493\Debug\nodusC.a(UART_SPI_UART.o)
                                0x2bf (size before relaxing)
 .debug_str     0x00003a68      0x130 .\CortexM0\ARM_GCC_493\Debug\nodusC.a(UART_UART.o)
                                0x37f (size before relaxing)
 .debug_str     0x00003b98      0x162 .\CortexM0\ARM_GCC_493\Debug\nodusC.a(Timer_Int.o)
                                0x313 (size before relaxing)
 .debug_str     0x00003cfa      0x3d1 .\CortexM0\ARM_GCC_493\Debug\nodusC.a(Timer.o)
                                0x5a2 (size before relaxing)
 .debug_str     0x000040cb       0x62 .\CortexM0\ARM_GCC_493\Debug\nodusC.a(DieTemp.o)
                                0x1f8 (size before relaxing)
 .debug_str     0x0000412d      0x1a8 .\CortexM0\ARM_GCC_493\Debug\nodusC.a(ADC.o)
                                0x3ea (size before relaxing)
 .debug_str     0x000042d5       0x37 .\CortexM0\ARM_GCC_493\Debug\nodusC.a(ADC_INT.o)
                                0x1ae (size before relaxing)
 .debug_str     0x0000430c      0x53a .\CortexM0\ARM_GCC_493\Debug\nodusC.a(CyLib.o)
                                0x7b0 (size before relaxing)
 .debug_str     0x00004846       0xca .\CortexM0\ARM_GCC_493\Debug\nodusC.a(cyPm.o)
                                0x2c4 (size before relaxing)
 .debug_str     0x00004910      0x6e7 .\CortexM0\ARM_GCC_493\Debug\nodusC.a(CyLFClk.o)
                                0x929 (size before relaxing)
 .debug_str     0x00004ff7       0xcb .\CortexM0\ARM_GCC_493\Debug\nodusC.a(PIN_SENSOR_1.o)
                                0x264 (size before relaxing)
 .debug_str     0x000050c2       0xa7 .\CortexM0\ARM_GCC_493\Debug\nodusC.a(PIN_SENSOR_2.o)
                                0x264 (size before relaxing)
 .debug_str     0x00005169       0xa7 .\CortexM0\ARM_GCC_493\Debug\nodusC.a(PIN_RESISTOR.o)
                                0x264 (size before relaxing)
 .debug_str     0x00005210       0xba .\CortexM0\ARM_GCC_493\Debug\nodusC.a(PIN_SENSOR_3.o)
                                0x264 (size before relaxing)
 .debug_str     0x000052ca       0xba .\CortexM0\ARM_GCC_493\Debug\nodusC.a(PIN_SENSOR_4.o)
                                0x264 (size before relaxing)

.debug_loc      0x00000000     0x37f5
 *(.debug_loc)
 .debug_loc     0x00000000      0xb1d .\CortexM0\ARM_GCC_493\Debug\main.o
 .debug_loc     0x00000b1d      0x123 .\CortexM0\ARM_GCC_493\Debug\queue.o
 .debug_loc     0x00000c40      0x15d .\CortexM0\ARM_GCC_493\Debug\adc_queue.o
 .debug_loc     0x00000d9d      0x14f .\CortexM0\ARM_GCC_493\Debug\Cm0Start.o
 .debug_loc     0x00000eec       0xc7 .\CortexM0\ARM_GCC_493\Debug\nodusC.a(cyfitter_cfg.o)
 .debug_loc     0x00000fb3       0x7e .\CortexM0\ARM_GCC_493\Debug\nodusC.a(UART.o)
 .debug_loc     0x00001031       0x96 .\CortexM0\ARM_GCC_493\Debug\nodusC.a(UART_SPI_UART.o)
 .debug_loc     0x000010c7      0x1b2 .\CortexM0\ARM_GCC_493\Debug\nodusC.a(UART_UART.o)
 .debug_loc     0x00001279       0x82 .\CortexM0\ARM_GCC_493\Debug\nodusC.a(Timer_Int.o)
 .debug_loc     0x000012fb      0x547 .\CortexM0\ARM_GCC_493\Debug\nodusC.a(Timer.o)
 .debug_loc     0x00001842       0x9a .\CortexM0\ARM_GCC_493\Debug\nodusC.a(DieTemp.o)
 .debug_loc     0x000018dc      0x547 .\CortexM0\ARM_GCC_493\Debug\nodusC.a(ADC.o)
 .debug_loc     0x00001e23      0x834 .\CortexM0\ARM_GCC_493\Debug\nodusC.a(CyLib.o)
 .debug_loc     0x00002657       0xe1 .\CortexM0\ARM_GCC_493\Debug\nodusC.a(cyPm.o)
 .debug_loc     0x00002738      0xdb4 .\CortexM0\ARM_GCC_493\Debug\nodusC.a(CyLFClk.o)
 .debug_loc     0x000034ec       0xa2 .\CortexM0\ARM_GCC_493\Debug\nodusC.a(PIN_SENSOR_1.o)
 .debug_loc     0x0000358e       0xa2 .\CortexM0\ARM_GCC_493\Debug\nodusC.a(PIN_SENSOR_2.o)
 .debug_loc     0x00003630       0xa2 .\CortexM0\ARM_GCC_493\Debug\nodusC.a(PIN_RESISTOR.o)
 .debug_loc     0x000036d2       0xa2 .\CortexM0\ARM_GCC_493\Debug\nodusC.a(PIN_SENSOR_3.o)
 .debug_loc     0x00003774       0x81 .\CortexM0\ARM_GCC_493\Debug\nodusC.a(PIN_SENSOR_4.o)

.debug_macinfo
 *(.debug_macinfo)

.debug_ranges   0x00000000      0xaa0
 *(.debug_ranges)
 .debug_ranges  0x00000000       0x98 .\CortexM0\ARM_GCC_493\Debug\main.o
 .debug_ranges  0x00000098      0x130 .\CortexM0\ARM_GCC_493\Debug\nodus_api.o
 .debug_ranges  0x000001c8       0x30 .\CortexM0\ARM_GCC_493\Debug\queue.o
 .debug_ranges  0x000001f8       0x30 .\CortexM0\ARM_GCC_493\Debug\adc_queue.o
 .debug_ranges  0x00000228       0x38 .\CortexM0\ARM_GCC_493\Debug\Cm0Start.o
 .debug_ranges  0x00000260       0x30 .\CortexM0\ARM_GCC_493\Debug\nodusC.a(cyfitter_cfg.o)
 .debug_ranges  0x00000290       0x48 .\CortexM0\ARM_GCC_493\Debug\nodusC.a(UART.o)
 .debug_ranges  0x000002d8       0x50 .\CortexM0\ARM_GCC_493\Debug\nodusC.a(UART_SPI_UART.o)
 .debug_ranges  0x00000328       0x78 .\CortexM0\ARM_GCC_493\Debug\nodusC.a(UART_UART.o)
 .debug_ranges  0x000003a0       0x70 .\CortexM0\ARM_GCC_493\Debug\nodusC.a(Timer_Int.o)
 .debug_ranges  0x00000410      0x148 .\CortexM0\ARM_GCC_493\Debug\nodusC.a(Timer.o)
 .debug_ranges  0x00000558       0x10 .\CortexM0\ARM_GCC_493\Debug\nodusC.a(DieTemp.o)
 .debug_ranges  0x00000568       0xa0 .\CortexM0\ARM_GCC_493\Debug\nodusC.a(ADC.o)
 .debug_ranges  0x00000608       0x10 .\CortexM0\ARM_GCC_493\Debug\nodusC.a(ADC_INT.o)
 .debug_ranges  0x00000618      0x1b0 .\CortexM0\ARM_GCC_493\Debug\nodusC.a(CyLib.o)
 .debug_ranges  0x000007c8       0x48 .\CortexM0\ARM_GCC_493\Debug\nodusC.a(cyPm.o)
 .debug_ranges  0x00000810      0x178 .\CortexM0\ARM_GCC_493\Debug\nodusC.a(CyLFClk.o)
 .debug_ranges  0x00000988       0x38 .\CortexM0\ARM_GCC_493\Debug\nodusC.a(PIN_SENSOR_1.o)
 .debug_ranges  0x000009c0       0x38 .\CortexM0\ARM_GCC_493\Debug\nodusC.a(PIN_SENSOR_2.o)
 .debug_ranges  0x000009f8       0x38 .\CortexM0\ARM_GCC_493\Debug\nodusC.a(PIN_RESISTOR.o)
 .debug_ranges  0x00000a30       0x38 .\CortexM0\ARM_GCC_493\Debug\nodusC.a(PIN_SENSOR_3.o)
 .debug_ranges  0x00000a68       0x38 .\CortexM0\ARM_GCC_493\Debug\nodusC.a(PIN_SENSOR_4.o)

.comment        0x00000000       0x70
 .comment       0x00000000       0x70 .\CortexM0\ARM_GCC_493\Debug\main.o
                                 0x71 (size before relaxing)
 .comment       0x00000000       0x71 .\CortexM0\ARM_GCC_493\Debug\nodus_api.o
 .comment       0x00000000       0x71 .\CortexM0\ARM_GCC_493\Debug\queue.o
 .comment       0x00000000       0x71 .\CortexM0\ARM_GCC_493\Debug\adc_queue.o
 .comment       0x00000000       0x71 .\CortexM0\ARM_GCC_493\Debug\cymetadata.o
 .comment       0x00000000       0x71 .\CortexM0\ARM_GCC_493\Debug\Cm0Start.o
 .comment       0x00000000       0x71 .\CortexM0\ARM_GCC_493\Debug\nodusC.a(cyfitter_cfg.o)
 .comment       0x00000000       0x71 .\CortexM0\ARM_GCC_493\Debug\nodusC.a(UART.o)
 .comment       0x00000000       0x71 .\CortexM0\ARM_GCC_493\Debug\nodusC.a(UART_SPI_UART.o)
 .comment       0x00000000       0x71 .\CortexM0\ARM_GCC_493\Debug\nodusC.a(UART_UART.o)
 .comment       0x00000000       0x71 .\CortexM0\ARM_GCC_493\Debug\nodusC.a(Timer_Int.o)
 .comment       0x00000000       0x71 .\CortexM0\ARM_GCC_493\Debug\nodusC.a(Timer.o)
 .comment       0x00000000       0x71 .\CortexM0\ARM_GCC_493\Debug\nodusC.a(DieTemp.o)
 .comment       0x00000000       0x71 .\CortexM0\ARM_GCC_493\Debug\nodusC.a(ADC.o)
 .comment       0x00000000       0x71 .\CortexM0\ARM_GCC_493\Debug\nodusC.a(ADC_INT.o)
 .comment       0x00000000       0x71 .\CortexM0\ARM_GCC_493\Debug\nodusC.a(CyLib.o)
 .comment       0x00000000       0x71 .\CortexM0\ARM_GCC_493\Debug\nodusC.a(cyPm.o)
 .comment       0x00000000       0x71 .\CortexM0\ARM_GCC_493\Debug\nodusC.a(CyLFClk.o)
 .comment       0x00000000       0x71 .\CortexM0\ARM_GCC_493\Debug\nodusC.a(PIN_SENSOR_1.o)
 .comment       0x00000000       0x71 .\CortexM0\ARM_GCC_493\Debug\nodusC.a(PIN_SENSOR_2.o)
 .comment       0x00000000       0x71 .\CortexM0\ARM_GCC_493\Debug\nodusC.a(PIN_RESISTOR.o)
 .comment       0x00000000       0x71 .\CortexM0\ARM_GCC_493\Debug\nodusC.a(PIN_SENSOR_3.o)
 .comment       0x00000000       0x71 .\CortexM0\ARM_GCC_493\Debug\nodusC.a(PIN_SENSOR_4.o)

.debug_weaknames
 *(.debug_weaknames)

.debug_funcnames
 *(.debug_funcnames)

.debug_typenames
 *(.debug_typenames)

.debug_varnames
 *(.debug_varnames)

.note.gnu.arm.ident
 *(.note.gnu.arm.ident)

.ARM.attributes
                0x00000000       0x28
 *(.ARM.attributes)
 .ARM.attributes
                0x00000000       0x1e c:/program files (x86)/cypress/psoc creator/3.3/psoc creator/import/gnu/arm/4.9.3/bin/../lib/gcc/arm-none-eabi/4.9.3/armv6-m/crti.o
 .ARM.attributes
                0x0000001e       0x2c c:/program files (x86)/cypress/psoc creator/3.3/psoc creator/import/gnu/arm/4.9.3/bin/../lib/gcc/arm-none-eabi/4.9.3/armv6-m/crtbegin.o
 .ARM.attributes
                0x0000004a       0x1b c:/program files (x86)/cypress/psoc creator/3.3/psoc creator/import/gnu/arm/4.9.3/bin/../lib/gcc/arm-none-eabi/4.9.3/../../../../arm-none-eabi/lib/armv6-m/crt0.o
 .ARM.attributes
                0x00000065       0x31 .\CortexM0\ARM_GCC_493\Debug\main.o
 .ARM.attributes
                0x00000096       0x31 .\CortexM0\ARM_GCC_493\Debug\nodus_api.o
 .ARM.attributes
                0x000000c7       0x31 .\CortexM0\ARM_GCC_493\Debug\queue.o
 .ARM.attributes
                0x000000f8       0x31 .\CortexM0\ARM_GCC_493\Debug\adc_queue.o
 .ARM.attributes
                0x00000129       0x31 .\CortexM0\ARM_GCC_493\Debug\cymetadata.o
 .ARM.attributes
                0x0000015a       0x31 .\CortexM0\ARM_GCC_493\Debug\Cm0Start.o
 .ARM.attributes
                0x0000018b       0x31 .\CortexM0\ARM_GCC_493\Debug\nodusC.a(cyfitter_cfg.o)
 .ARM.attributes
                0x000001bc       0x31 .\CortexM0\ARM_GCC_493\Debug\nodusC.a(UART.o)
 .ARM.attributes
                0x000001ed       0x31 .\CortexM0\ARM_GCC_493\Debug\nodusC.a(UART_SPI_UART.o)
 .ARM.attributes
                0x0000021e       0x31 .\CortexM0\ARM_GCC_493\Debug\nodusC.a(UART_UART.o)
 .ARM.attributes
                0x0000024f       0x31 .\CortexM0\ARM_GCC_493\Debug\nodusC.a(Timer_Int.o)
 .ARM.attributes
                0x00000280       0x31 .\CortexM0\ARM_GCC_493\Debug\nodusC.a(Timer.o)
 .ARM.attributes
                0x000002b1       0x31 .\CortexM0\ARM_GCC_493\Debug\nodusC.a(DieTemp.o)
 .ARM.attributes
                0x000002e2       0x31 .\CortexM0\ARM_GCC_493\Debug\nodusC.a(ADC.o)
 .ARM.attributes
                0x00000313       0x31 .\CortexM0\ARM_GCC_493\Debug\nodusC.a(ADC_INT.o)
 .ARM.attributes
                0x00000344       0x21 .\CortexM0\ARM_GCC_493\Debug\nodusC.a(CyBootAsmGnu.o)
 .ARM.attributes
                0x00000365       0x31 .\CortexM0\ARM_GCC_493\Debug\nodusC.a(CyLib.o)
 .ARM.attributes
                0x00000396       0x31 .\CortexM0\ARM_GCC_493\Debug\nodusC.a(cyPm.o)
 .ARM.attributes
                0x000003c7       0x31 .\CortexM0\ARM_GCC_493\Debug\nodusC.a(CyLFClk.o)
 .ARM.attributes
                0x000003f8       0x31 .\CortexM0\ARM_GCC_493\Debug\nodusC.a(PIN_SENSOR_1.o)
 .ARM.attributes
                0x00000429       0x31 .\CortexM0\ARM_GCC_493\Debug\nodusC.a(PIN_SENSOR_2.o)
 .ARM.attributes
                0x0000045a       0x31 .\CortexM0\ARM_GCC_493\Debug\nodusC.a(PIN_RESISTOR.o)
 .ARM.attributes
                0x0000048b       0x31 .\CortexM0\ARM_GCC_493\Debug\nodusC.a(PIN_SENSOR_3.o)
 .ARM.attributes
                0x000004bc       0x31 .\CortexM0\ARM_GCC_493\Debug\nodusC.a(PIN_SENSOR_4.o)
 .ARM.attributes
                0x000004ed       0x1e c:/program files (x86)/cypress/psoc creator/3.3/psoc creator/import/gnu/arm/4.9.3/bin/../lib/gcc/arm-none-eabi/4.9.3/armv6-m\libgcc.a(_udivsi3.o)
 .ARM.attributes
                0x0000050b       0x1e c:/program files (x86)/cypress/psoc creator/3.3/psoc creator/import/gnu/arm/4.9.3/bin/../lib/gcc/arm-none-eabi/4.9.3/armv6-m\libgcc.a(_divsi3.o)
 .ARM.attributes
                0x00000529       0x1e c:/program files (x86)/cypress/psoc creator/3.3/psoc creator/import/gnu/arm/4.9.3/bin/../lib/gcc/arm-none-eabi/4.9.3/armv6-m\libgcc.a(_dvmd_tls.o)
 .ARM.attributes
                0x00000547       0x1e c:/program files (x86)/cypress/psoc creator/3.3/psoc creator/import/gnu/arm/4.9.3/bin/../lib/gcc/arm-none-eabi/4.9.3/armv6-m\libgcc.a(_aeabi_ldivmod.o)
 .ARM.attributes
                0x00000565       0x2c c:/program files (x86)/cypress/psoc creator/3.3/psoc creator/import/gnu/arm/4.9.3/bin/../lib/gcc/arm-none-eabi/4.9.3/armv6-m\libgcc.a(_muldi3.o)
 .ARM.attributes
                0x00000591       0x2c c:/program files (x86)/cypress/psoc creator/3.3/psoc creator/import/gnu/arm/4.9.3/bin/../lib/gcc/arm-none-eabi/4.9.3/armv6-m\libgcc.a(bpabi.o)
 .ARM.attributes
                0x000005bd       0x2c c:/program files (x86)/cypress/psoc creator/3.3/psoc creator/import/gnu/arm/4.9.3/bin/../lib/gcc/arm-none-eabi/4.9.3/armv6-m\libgcc.a(addsf3.o)
 .ARM.attributes
                0x000005e9       0x2c c:/program files (x86)/cypress/psoc creator/3.3/psoc creator/import/gnu/arm/4.9.3/bin/../lib/gcc/arm-none-eabi/4.9.3/armv6-m\libgcc.a(divsf3.o)
 .ARM.attributes
                0x00000615       0x2c c:/program files (x86)/cypress/psoc creator/3.3/psoc creator/import/gnu/arm/4.9.3/bin/../lib/gcc/arm-none-eabi/4.9.3/armv6-m\libgcc.a(mulsf3.o)
 .ARM.attributes
                0x00000641       0x2c c:/program files (x86)/cypress/psoc creator/3.3/psoc creator/import/gnu/arm/4.9.3/bin/../lib/gcc/arm-none-eabi/4.9.3/armv6-m\libgcc.a(subsf3.o)
 .ARM.attributes
                0x0000066d       0x2c c:/program files (x86)/cypress/psoc creator/3.3/psoc creator/import/gnu/arm/4.9.3/bin/../lib/gcc/arm-none-eabi/4.9.3/armv6-m\libgcc.a(fixsfsi.o)
 .ARM.attributes
                0x00000699       0x2c c:/program files (x86)/cypress/psoc creator/3.3/psoc creator/import/gnu/arm/4.9.3/bin/../lib/gcc/arm-none-eabi/4.9.3/armv6-m\libgcc.a(floatsisf.o)
 .ARM.attributes
                0x000006c5       0x1e c:/program files (x86)/cypress/psoc creator/3.3/psoc creator/import/gnu/arm/4.9.3/bin/../lib/gcc/arm-none-eabi/4.9.3/armv6-m\libgcc.a(_clzsi2.o)
 .ARM.attributes
                0x000006e3       0x2c c:/program files (x86)/cypress/psoc creator/3.3/psoc creator/import/gnu/arm/4.9.3/bin/../lib/gcc/arm-none-eabi/4.9.3/armv6-m\libgcc.a(_divdi3.o)
 .ARM.attributes
                0x0000070f       0x2c c:/program files (x86)/cypress/psoc creator/3.3/psoc creator/import/gnu/arm/4.9.3/bin/../lib/gcc/arm-none-eabi/4.9.3/armv6-m\libgcc.a(_udivdi3.o)
 .ARM.attributes
                0x0000073b       0x1e c:/program files (x86)/cypress/psoc creator/3.3/psoc creator/import/gnu/arm/4.9.3/bin/../lib/gcc/arm-none-eabi/4.9.3/armv6-m\libgcc.a(_clzdi2.o)
 .ARM.attributes
                0x00000759       0x2c c:/program files (x86)/cypress/psoc creator/3.3/psoc creator/import/gnu/arm/4.9.3/bin/../lib/gcc/arm-none-eabi/4.9.3/../../../../arm-none-eabi/lib/armv6-m\libg_nano.a(lib_a-errno.o)
 .ARM.attributes
                0x00000785       0x2c c:/program files (x86)/cypress/psoc creator/3.3/psoc creator/import/gnu/arm/4.9.3/bin/../lib/gcc/arm-none-eabi/4.9.3/../../../../arm-none-eabi/lib/armv6-m\libg_nano.a(lib_a-exit.o)
 .ARM.attributes
                0x000007b1       0x2c c:/program files (x86)/cypress/psoc creator/3.3/psoc creator/import/gnu/arm/4.9.3/bin/../lib/gcc/arm-none-eabi/4.9.3/../../../../arm-none-eabi/lib/armv6-m\libg_nano.a(lib_a-impure.o)
 .ARM.attributes
                0x000007dd       0x2c c:/program files (x86)/cypress/psoc creator/3.3/psoc creator/import/gnu/arm/4.9.3/bin/../lib/gcc/arm-none-eabi/4.9.3/../../../../arm-none-eabi/lib/armv6-m\libg_nano.a(lib_a-init.o)
 .ARM.attributes
                0x00000809       0x2c c:/program files (x86)/cypress/psoc creator/3.3/psoc creator/import/gnu/arm/4.9.3/bin/../lib/gcc/arm-none-eabi/4.9.3/../../../../arm-none-eabi/lib/armv6-m\libg_nano.a(lib_a-memset.o)
 .ARM.attributes
                0x00000835       0x2c c:/program files (x86)/cypress/psoc creator/3.3/psoc creator/import/gnu/arm/4.9.3/bin/../lib/gcc/arm-none-eabi/4.9.3/armv6-m/crtend.o
 .ARM.attributes
                0x00000861       0x1e c:/program files (x86)/cypress/psoc creator/3.3/psoc creator/import/gnu/arm/4.9.3/bin/../lib/gcc/arm-none-eabi/4.9.3/armv6-m/crtn.o

/DISCARD/
 *(.note.GNU-stack)
OUTPUT(.\CortexM0\ARM_GCC_493\Debug\nodusC.elf elf32-littlearm)
