Archive member included because of file (symbol)

.\CortexM0\ARM_GCC_493\Debug\nodusC.a(cyfitter_cfg.o)
                              .\CortexM0\ARM_GCC_493\Debug\Cm0Start.o (cyfitter_cfg)
.\CortexM0\ARM_GCC_493\Debug\nodusC.a(UART.o)
                              .\CortexM0\ARM_GCC_493\Debug\main.o (UART_Start)
.\CortexM0\ARM_GCC_493\Debug\nodusC.a(UART_SPI_UART.o)
                              .\CortexM0\ARM_GCC_493\Debug\main.o (UART_SpiUartWriteTxData)
.\CortexM0\ARM_GCC_493\Debug\nodusC.a(UART_UART.o)
                              .\CortexM0\ARM_GCC_493\Debug\nodusC.a(UART.o) (UART_UartInit)
.\CortexM0\ARM_GCC_493\Debug\nodusC.a(Timer_Int.o)
                              .\CortexM0\ARM_GCC_493\Debug\main.o (Timer_Int_StartEx)
.\CortexM0\ARM_GCC_493\Debug\nodusC.a(Timer.o)
                              .\CortexM0\ARM_GCC_493\Debug\main.o (Timer_Start)
.\CortexM0\ARM_GCC_493\Debug\nodusC.a(ADC_EOC_Int.o)
                              .\CortexM0\ARM_GCC_493\Debug\main.o (ADC_EOC_Int_StartEx)
.\CortexM0\ARM_GCC_493\Debug\nodusC.a(ADC.o)
                              .\CortexM0\ARM_GCC_493\Debug\main.o (ADC_Start)
.\CortexM0\ARM_GCC_493\Debug\nodusC.a(ADC_INT.o)
                              .\CortexM0\ARM_GCC_493\Debug\nodusC.a(ADC.o) (ADC_ISR)
.\CortexM0\ARM_GCC_493\Debug\nodusC.a(ADC_IRQ.o)
                              .\CortexM0\ARM_GCC_493\Debug\main.o (ADC_IRQ_Enable)
.\CortexM0\ARM_GCC_493\Debug\nodusC.a(CyBootAsmGnu.o)
                              .\CortexM0\ARM_GCC_493\Debug\nodusC.a(cyfitter_cfg.o) (CyDelayCycles)
.\CortexM0\ARM_GCC_493\Debug\nodusC.a(CyLib.o)
                              .\CortexM0\ARM_GCC_493\Debug\nodusC.a(cyfitter_cfg.o) (CyIntEnable)
.\CortexM0\ARM_GCC_493\Debug\nodusC.a(cyPm.o)
                              .\CortexM0\ARM_GCC_493\Debug\main.o (CySysPmSleep)
.\CortexM0\ARM_GCC_493\Debug\nodusC.a(CyLFClk.o)
                              .\CortexM0\ARM_GCC_493\Debug\nodusC.a(cyfitter_cfg.o) (CySysClkWcoStart)
c:/program files (x86)/cypress/psoc creator/3.3/psoc creator/import/gnu/arm/4.9.3/bin/../lib/gcc/arm-none-eabi/4.9.3/armv6-m\libgcc.a(_udivsi3.o)
                              .\CortexM0\ARM_GCC_493\Debug\main.o (__aeabi_uidiv)
c:/program files (x86)/cypress/psoc creator/3.3/psoc creator/import/gnu/arm/4.9.3/bin/../lib/gcc/arm-none-eabi/4.9.3/armv6-m\libgcc.a(_divsi3.o)
                              .\CortexM0\ARM_GCC_493\Debug\nodusC.a(ADC.o) (__aeabi_idiv)
c:/program files (x86)/cypress/psoc creator/3.3/psoc creator/import/gnu/arm/4.9.3/bin/../lib/gcc/arm-none-eabi/4.9.3/armv6-m\libgcc.a(_dvmd_tls.o)
                              c:/program files (x86)/cypress/psoc creator/3.3/psoc creator/import/gnu/arm/4.9.3/bin/../lib/gcc/arm-none-eabi/4.9.3/armv6-m\libgcc.a(_udivsi3.o) (__aeabi_idiv0)
c:/program files (x86)/cypress/psoc creator/3.3/psoc creator/import/gnu/arm/4.9.3/bin/../lib/gcc/arm-none-eabi/4.9.3/armv6-m\libgcc.a(_aeabi_ldivmod.o)
                              .\CortexM0\ARM_GCC_493\Debug\nodusC.a(ADC.o) (__aeabi_ldivmod)
c:/program files (x86)/cypress/psoc creator/3.3/psoc creator/import/gnu/arm/4.9.3/bin/../lib/gcc/arm-none-eabi/4.9.3/armv6-m\libgcc.a(_muldi3.o)
                              .\CortexM0\ARM_GCC_493\Debug\nodusC.a(ADC.o) (__aeabi_lmul)
c:/program files (x86)/cypress/psoc creator/3.3/psoc creator/import/gnu/arm/4.9.3/bin/../lib/gcc/arm-none-eabi/4.9.3/armv6-m\libgcc.a(bpabi.o)
                              c:/program files (x86)/cypress/psoc creator/3.3/psoc creator/import/gnu/arm/4.9.3/bin/../lib/gcc/arm-none-eabi/4.9.3/armv6-m\libgcc.a(_aeabi_ldivmod.o) (__gnu_ldivmod_helper)
c:/program files (x86)/cypress/psoc creator/3.3/psoc creator/import/gnu/arm/4.9.3/bin/../lib/gcc/arm-none-eabi/4.9.3/armv6-m\libgcc.a(divsf3.o)
                              .\CortexM0\ARM_GCC_493\Debug\nodusC.a(ADC.o) (__aeabi_fdiv)
c:/program files (x86)/cypress/psoc creator/3.3/psoc creator/import/gnu/arm/4.9.3/bin/../lib/gcc/arm-none-eabi/4.9.3/armv6-m\libgcc.a(mulsf3.o)
                              .\CortexM0\ARM_GCC_493\Debug\nodusC.a(ADC.o) (__aeabi_fmul)
c:/program files (x86)/cypress/psoc creator/3.3/psoc creator/import/gnu/arm/4.9.3/bin/../lib/gcc/arm-none-eabi/4.9.3/armv6-m\libgcc.a(floatsisf.o)
                              .\CortexM0\ARM_GCC_493\Debug\nodusC.a(ADC.o) (__aeabi_i2f)
c:/program files (x86)/cypress/psoc creator/3.3/psoc creator/import/gnu/arm/4.9.3/bin/../lib/gcc/arm-none-eabi/4.9.3/armv6-m\libgcc.a(_clzsi2.o)
                              c:/program files (x86)/cypress/psoc creator/3.3/psoc creator/import/gnu/arm/4.9.3/bin/../lib/gcc/arm-none-eabi/4.9.3/armv6-m\libgcc.a(divsf3.o) (__clzsi2)
c:/program files (x86)/cypress/psoc creator/3.3/psoc creator/import/gnu/arm/4.9.3/bin/../lib/gcc/arm-none-eabi/4.9.3/armv6-m\libgcc.a(_divdi3.o)
                              c:/program files (x86)/cypress/psoc creator/3.3/psoc creator/import/gnu/arm/4.9.3/bin/../lib/gcc/arm-none-eabi/4.9.3/armv6-m\libgcc.a(bpabi.o) (__divdi3)
[...]
Memory Configuration

Name             Origin             Length             Attributes
rom              0x00000000         0x00040000         xr
ram              0x20000000         0x00008000         xrw
*default*        0x00000000         0xffffffff

Linker script and memory map

LOAD c:/program files (x86)/cypress/psoc creator/3.3/psoc creator/import/gnu/arm/4.9.3/bin/../lib/gcc/arm-none-eabi/4.9.3/armv6-m/crti.o
LOAD c:/program files (x86)/cypress/psoc creator/3.3/psoc creator/import/gnu/arm/4.9.3/bin/../lib/gcc/arm-none-eabi/4.9.3/armv6-m/crtbegin.o
LOAD c:/program files (x86)/cypress/psoc creator/3.3/psoc creator/import/gnu/arm/4.9.3/bin/../lib/gcc/arm-none-eabi/4.9.3/../../../../arm-none-eabi/lib/armv6-m/crt0.o
START GROUP
LOAD .\CortexM0\ARM_GCC_493\Debug\main.o
LOAD .\CortexM0\ARM_GCC_493\Debug\nodus_api.o
LOAD .\CortexM0\ARM_GCC_493\Debug\cymetadata.o
LOAD .\CortexM0\ARM_GCC_493\Debug\Cm0Start.o
LOAD .\CortexM0\ARM_GCC_493\Debug\nodusC.a
LOAD C:\Program Files (x86)\Cypress\PSoC Creator\3.3\PSoC Creator\psoc\content\cycomponentlibrary\CyComponentLibrary.cylib\BLE_v3_10\Library\gccCyBLEStack_BLE_SOC_CENTRAL.a
LOAD C:\Program Files (x86)\Cypress\PSoC Creator\3.3\PSoC Creator\psoc\content\cycomponentlibrary\CyComponentLibrary.cylib\CapSense_CSD_P4_v2_40\PSoC4\Library\CapsenseP4Library_GCC.a
LOAD C:\Program Files (x86)\Cypress\PSoC Creator\3.3\PSoC Creator\psoc\content\cycomponentlibrary\CyComponentLibrary.cylib\CortexM0\ARM_GCC_493\Debug\CyComponentLibrary.a
END GROUP
START GROUP
LOAD c:/program files (x86)/cypress/psoc creator/3.3/psoc creator/import/gnu/arm/4.9.3/bin/../lib/gcc/arm-none-eabi/4.9.3/armv6-m\libgcc.a
LOAD c:/program files (x86)/cypress/psoc creator/3.3/psoc creator/import/gnu/arm/4.9.3/bin/../lib/gcc/arm-none-eabi/4.9.3/../../../../arm-none-eabi/lib/armv6-m\libg_nano.a
LOAD c:/program files (x86)/cypress/psoc creator/3.3/psoc creator/import/gnu/arm/4.9.3/bin/../lib/gcc/arm-none-eabi/4.9.3/../../../../arm-none-eabi/lib/armv6-m\libc_nano.a
END GROUP
START GROUP
LOAD c:/program files (x86)/cypress/psoc creator/3.3/psoc creator/import/gnu/arm/4.9.3/bin/../lib/gcc/arm-none-eabi/4.9.3/armv6-m\libgcc.a
LOAD c:/program files (x86)/cypress/psoc creator/3.3/psoc creator/import/gnu/arm/4.9.3/bin/../lib/gcc/arm-none-eabi/4.9.3/../../../../arm-none-eabi/lib/armv6-m\libc_nano.a
END GROUP
LOAD c:/program files (x86)/cypress/psoc creator/3.3/psoc creator/import/gnu/arm/4.9.3/bin/../lib/gcc/arm-none-eabi/4.9.3/armv6-m/crtend.o
LOAD c:/program files (x86)/cypress/psoc creator/3.3/psoc creator/import/gnu/arm/4.9.3/bin/../lib/gcc/arm-none-eabi/4.9.3/armv6-m/crtn.o
START GROUP
LOAD c:/program files (x86)/cypress/psoc creator/3.3/psoc creator/import/gnu/arm/4.9.3/bin/../lib/gcc/arm-none-eabi/4.9.3/armv6-m\libgcc.a
LOAD c:/program files (x86)/cypress/psoc creator/3.3/psoc creator/import/gnu/arm/4.9.3/bin/../lib/gcc/arm-none-eabi/4.9.3/../../../../arm-none-eabi/lib/armv6-m\libc.a
LOAD c:/program files (x86)/cypress/psoc creator/3.3/psoc creator/import/gnu/arm/4.9.3/bin/../lib/gcc/arm-none-eabi/4.9.3/../../../../arm-none-eabi/lib/armv6-m\libnosys.a
END GROUP
                0x00000000                CY_APPL_ORIGIN = 0x0
                0x00000100                CY_FLASH_ROW_SIZE = 0x100
                0x00000001                CY_APPL_NUM = 0x1
                0x00000001                CY_APPL_MAX = 0x1
                0x00000040                CY_METADATA_SIZE = 0x40
                0x00000000                CY_APPL_LOADABLE = 0x0
                0x00000000                CY_CHECKSUM_EXCLUDE_SIZE = ALIGN (0x0, CY_FLASH_ROW_SIZE)
                0x00000000                CY_APP_FOR_STACK_AND_COPIER = 0x0
                0x20000158                PROVIDE (__cy_heap_start, _end)
                0x00000001                PROVIDE (__cy_region_num, ((__cy_regions_end - __cy_regions) / 0x10))
                0x20008000                PROVIDE (__cy_stack, (ORIGIN (ram) + 0x8000))
                0x20007800                PROVIDE (__cy_heap_end, (__cy_stack - 0x800))

.cybootloader   0x00000000        0x0
 *(.cybootloader)
                0x00000000                appl1_start = CY_APPL_ORIGIN?CY_APPL_ORIGIN:ALIGN (CY_FLASH_ROW_SIZE)
                0x0001ff00                appl2_start = (appl1_start + ALIGN ((((0x40000 - appl1_start) - (0x2 * CY_FLASH_ROW_SIZE)) / 0x2), CY_FLASH_ROW_SIZE))
                0x00000000                appl_start = (CY_APPL_NUM == 0x1)?appl1_start:appl2_start
                0x00000001                cy_project_type_bootloader = (appl_start == 0x0)?0x1:0x0
                0x00000000                cy_project_type_app_for_stack_and_copier = (CY_APP_FOR_STACK_AND_COPIER == 0x1)?0x1:0x0

.text           0x00000000     0x1598
 CREATE_OBJECT_SYMBOLS
                0x00000000                PROVIDE (__cy_interrupt_vector, RomVectors)
 *(.romvectors)
 .romvectors    0x00000000       0x10 .\CortexM0\ARM_GCC_493\Debug\Cm0Start.o
                0x00000000                RomVectors
                0x00000001                ASSERT ((. != __cy_interrupt_vector), No interrupt vector)
                0x00000001                ASSERT (CY_APPL_ORIGIN?(SIZEOF (.cybootloader) <= CY_APPL_ORIGIN):0x1, Wrong image location)
                0x00000010                PROVIDE (__cy_reset, Reset)
 *(.text.Reset)
 .text.Reset    0x00000010        0x8 .\CortexM0\ARM_GCC_493\Debug\Cm0Start.o
                0x00000010                Reset
                0x00000001                ASSERT ((. != __cy_reset), No reset code)
 *(.psocinit)
 .psocinit      0x00000018      0x32c .\CortexM0\ARM_GCC_493\Debug\nodusC.a(cyfitter_cfg.o)
                0x00000194                cyfitter_cfg
                0x00000344                . = MAX (., 0x100)
 *(.text .text.* .gnu.linkonce.t.*)
 .text          0x00000344       0x60 c:/program files (x86)/cypress/psoc creator/3.3/psoc creator/import/gnu/arm/4.9.3/bin/../lib/gcc/arm-none-eabi/4.9.3/armv6-m/crtbegin.o
 .text.timer_isr
                0x000003a4       0x1c .\CortexM0\ARM_GCC_493\Debug\main.o
                0x000003a4                timer_isr
 .text.adc_isr  0x000003c0       0x1c .\CortexM0\ARM_GCC_493\Debug\main.o
                0x000003c0                adc_isr
 .text.int2string
                0x000003dc      0x13c .\CortexM0\ARM_GCC_493\Debug\main.o
                0x000003dc                int2string
 .text.printNumOnTimerInterrupt
                0x00000518       0x28 .\CortexM0\ARM_GCC_493\Debug\main.o
                0x00000518                printNumOnTimerInterrupt
 .text.print_user_message
                0x00000540       0xc0 .\CortexM0\ARM_GCC_493\Debug\main.o
                0x00000540                print_user_message
 .text.main     0x00000600       0x58 .\CortexM0\ARM_GCC_493\Debug\main.o
                0x00000600                main
 .text.IntDefaultHandler
                0x00000658        0x4 .\CortexM0\ARM_GCC_493\Debug\Cm0Start.o
                0x00000658                IntDefaultHandler
 .text.Start_c  0x0000065c       0x48 .\CortexM0\ARM_GCC_493\Debug\Cm0Start.o
                0x0000065c                Start_c
 .text.initialize_psoc
                0x000006a4       0x54 .\CortexM0\ARM_GCC_493\Debug\Cm0Start.o
                0x000006a4                initialize_psoc
 .text.cfg_write_bytes32
                0x000006f8       0x34 .\CortexM0\ARM_GCC_493\Debug\nodusC.a(cyfitter_cfg.o)
 .text.CYMEMZERO
                0x0000072c        0xc .\CortexM0\ARM_GCC_493\Debug\nodusC.a(cyfitter_cfg.o)
 .text.SetAnalogRoutingPumps
                0x00000738       0x20 .\CortexM0\ARM_GCC_493\Debug\nodusC.a(cyfitter_cfg.o)
                0x00000738                SetAnalogRoutingPumps
 .text.AnalogSetDefault
                0x00000758       0x7c .\CortexM0\ARM_GCC_493\Debug\nodusC.a(cyfitter_cfg.o)
 .text.UART_ScbModePostEnable
                0x000007d4        0x8 .\CortexM0\ARM_GCC_493\Debug\nodusC.a(UART.o)
 .text.UART_Init
                0x000007dc        0x8 .\CortexM0\ARM_GCC_493\Debug\nodusC.a(UART.o)
                0x000007dc                UART_Init
 .text.UART_Enable
                0x000007e4       0x18 .\CortexM0\ARM_GCC_493\Debug\nodusC.a(UART.o)
                0x000007e4                UART_Enable
 .text.UART_Start
                0x000007fc       0x20 .\CortexM0\ARM_GCC_493\Debug\nodusC.a(UART.o)
                0x000007fc                UART_Start
 .text.UART_SpiUartWriteTxData
                0x0000081c       0x1c .\CortexM0\ARM_GCC_493\Debug\nodusC.a(UART_SPI_UART.o)
                0x0000081c                UART_SpiUartWriteTxData
 .text.UART_UartInit
                0x00000838       0xa4 .\CortexM0\ARM_GCC_493\Debug\nodusC.a(UART_UART.o)
                0x00000838                UART_UartInit
 .text.UART_UartPostEnable
                0x000008dc       0x2c .\CortexM0\ARM_GCC_493\Debug\nodusC.a(UART_UART.o)
                0x000008dc                UART_UartPostEnable
 .text.UART_UartPutString
                0x00000908       0x18 .\CortexM0\ARM_GCC_493\Debug\nodusC.a(UART_UART.o)
                0x00000908                UART_UartPutString
 .text.Timer_Int_SetVector
                0x00000920        0xc .\CortexM0\ARM_GCC_493\Debug\nodusC.a(Timer_Int.o)
                0x00000920                Timer_Int_SetVector
 .text.Timer_Int_SetPriority
                0x0000092c       0x24 .\CortexM0\ARM_GCC_493\Debug\nodusC.a(Timer_Int.o)
                0x0000092c                Timer_Int_SetPriority
 .text.Timer_Int_Enable
                0x00000950       0x10 .\CortexM0\ARM_GCC_493\Debug\nodusC.a(Timer_Int.o)
                0x00000950                Timer_Int_Enable
 .text.Timer_Int_Disable
                0x00000960       0x10 .\CortexM0\ARM_GCC_493\Debug\nodusC.a(Timer_Int.o)
                0x00000960                Timer_Int_Disable
 .text.Timer_Int_StartEx
                0x00000970       0x1c .\CortexM0\ARM_GCC_493\Debug\nodusC.a(Timer_Int.o)
                0x00000970                Timer_Int_StartEx
 .text.Timer_WriteCounter
                0x0000098c       0x10 .\CortexM0\ARM_GCC_493\Debug\nodusC.a(Timer.o)
                0x0000098c                Timer_WriteCounter
 .text.Timer_WritePeriod
                0x0000099c       0x10 .\CortexM0\ARM_GCC_493\Debug\nodusC.a(Timer.o)
                0x0000099c                Timer_WritePeriod
 .text.Timer_TriggerCommand
                0x000009ac       0x1c .\CortexM0\ARM_GCC_493\Debug\nodusC.a(Timer.o)
                0x000009ac                Timer_TriggerCommand
 .text.Timer_Enable
                0x000009c8       0x24 .\CortexM0\ARM_GCC_493\Debug\nodusC.a(Timer.o)
                0x000009c8                Timer_Enable
 .text.Timer_SetInterruptMode
                0x000009ec        0xc .\CortexM0\ARM_GCC_493\Debug\nodusC.a(Timer.o)
                0x000009ec                Timer_SetInterruptMode
 .text.Timer_Init
                0x000009f8       0x30 .\CortexM0\ARM_GCC_493\Debug\nodusC.a(Timer.o)
                0x000009f8                Timer_Init
 .text.Timer_Start
                0x00000a28       0x20 .\CortexM0\ARM_GCC_493\Debug\nodusC.a(Timer.o)
                0x00000a28                Timer_Start
 .text.Timer_ClearInterrupt
                0x00000a48        0xc .\CortexM0\ARM_GCC_493\Debug\nodusC.a(Timer.o)
                0x00000a48                Timer_ClearInterrupt
 .text.ADC_EOC_Int_SetVector
                0x00000a54        0xc .\CortexM0\ARM_GCC_493\Debug\nodusC.a(ADC_EOC_Int.o)
                0x00000a54                ADC_EOC_Int_SetVector
 .text.ADC_EOC_Int_SetPriority
                0x00000a60       0x20 .\CortexM0\ARM_GCC_493\Debug\nodusC.a(ADC_EOC_Int.o)
                0x00000a60                ADC_EOC_Int_SetPriority
 .text.ADC_EOC_Int_Enable
                0x00000a80        0xc .\CortexM0\ARM_GCC_493\Debug\nodusC.a(ADC_EOC_Int.o)
                0x00000a80                ADC_EOC_Int_Enable
 .text.ADC_EOC_Int_Disable
                0x00000a8c        0xc .\CortexM0\ARM_GCC_493\Debug\nodusC.a(ADC_EOC_Int.o)
                0x00000a8c                ADC_EOC_Int_Disable
 .text.ADC_EOC_Int_StartEx
                0x00000a98       0x1c .\CortexM0\ARM_GCC_493\Debug\nodusC.a(ADC_EOC_Int.o)
                0x00000a98                ADC_EOC_Int_StartEx
 .text.ADC_Init
                0x00000ab4      0x1b0 .\CortexM0\ARM_GCC_493\Debug\nodusC.a(ADC.o)
                0x00000ab4                ADC_Init
 .text.ADC_Enable
                0x00000c64       0x30 .\CortexM0\ARM_GCC_493\Debug\nodusC.a(ADC.o)
                0x00000c64                ADC_Enable
 .text.ADC_Start
                0x00000c94       0x20 .\CortexM0\ARM_GCC_493\Debug\nodusC.a(ADC.o)
                0x00000c94                ADC_Start
 .text.ADC_StartConvert
                0x00000cb4       0x14 .\CortexM0\ARM_GCC_493\Debug\nodusC.a(ADC.o)
                0x00000cb4                ADC_StartConvert
 .text.ADC_GetResult16
                0x00000cc8       0x38 .\CortexM0\ARM_GCC_493\Debug\nodusC.a(ADC.o)
                0x00000cc8                ADC_GetResult16
 .text.ADC_EnableInjection
                0x00000d00       0x14 .\CortexM0\ARM_GCC_493\Debug\nodusC.a(ADC.o)
                0x00000d00                ADC_EnableInjection
 .text.ADC_ISR  0x00000d14        0xc .\CortexM0\ARM_GCC_493\Debug\nodusC.a(ADC_INT.o)
                0x00000d14                ADC_ISR
 .text.ADC_IRQ_SetVector
                0x00000d20        0xc .\CortexM0\ARM_GCC_493\Debug\nodusC.a(ADC_IRQ.o)
                0x00000d20                ADC_IRQ_SetVector
 .text.ADC_IRQ_SetPriority
                0x00000d2c       0x20 .\CortexM0\ARM_GCC_493\Debug\nodusC.a(ADC_IRQ.o)
                0x00000d2c                ADC_IRQ_SetPriority
 .text.ADC_IRQ_Enable
                0x00000d4c       0x10 .\CortexM0\ARM_GCC_493\Debug\nodusC.a(ADC_IRQ.o)
                0x00000d4c                ADC_IRQ_Enable
 .text.ADC_IRQ_Disable
                0x00000d5c       0x10 .\CortexM0\ARM_GCC_493\Debug\nodusC.a(ADC_IRQ.o)
                0x00000d5c                ADC_IRQ_Disable
 .text.ADC_IRQ_StartEx
                0x00000d6c       0x1c .\CortexM0\ARM_GCC_493\Debug\nodusC.a(ADC_IRQ.o)
                0x00000d6c                ADC_IRQ_StartEx
 .text          0x00000d88       0x20 .\CortexM0\ARM_GCC_493\Debug\nodusC.a(CyBootAsmGnu.o)
                0x00000d88                CyDelayCycles
                0x00000d9a                CyEnterCriticalSection
                0x00000da2                CyExitCriticalSection
 .text.CySysClkEcoReadStatus
                0x00000da8       0x10 .\CortexM0\ARM_GCC_493\Debug\nodusC.a(CyLib.o)
                0x00000da8                CySysClkEcoReadStatus
 .text.CyIntEnable
                0x00000db8       0x14 .\CortexM0\ARM_GCC_493\Debug\nodusC.a(CyLib.o)
                0x00000db8                CyIntEnable
 .text.CyHalt   0x00000dcc        0x4 .\CortexM0\ARM_GCC_493\Debug\nodusC.a(CyLib.o)
                0x00000dcc                CyHalt
 .text.CyIntSetVector
                0x00000dd0       0x24 .\CortexM0\ARM_GCC_493\Debug\nodusC.a(CyLib.o)
                0x00000dd0                CyIntSetVector
 .text.CyIntSetPriority
                0x00000df4       0x4c .\CortexM0\ARM_GCC_493\Debug\nodusC.a(CyLib.o)
                0x00000df4                CyIntSetPriority
 .text.CyDelayUs
                0x00000e40       0x14 .\CortexM0\ARM_GCC_493\Debug\nodusC.a(CyLib.o)
                0x00000e40                CyDelayUs
 .text.CySysClkWriteImoFreq
                0x00000e54      0x164 .\CortexM0\ARM_GCC_493\Debug\nodusC.a(CyLib.o)
                0x00000e54                CySysClkWriteImoFreq
 .text.CySysClkEcoStart
                0x00000fb8       0x54 .\CortexM0\ARM_GCC_493\Debug\nodusC.a(CyLib.o)
                0x00000fb8                CySysClkEcoStart
 .text.CySysPmSleep
                0x0000100c       0x1c .\CortexM0\ARM_GCC_493\Debug\nodusC.a(cyPm.o)
                0x0000100c                CySysPmSleep
 .text.CySysWdtLocked
                0x00001028       0x14 .\CortexM0\ARM_GCC_493\Debug\nodusC.a(CyLFClk.o)
 .text.CySysClkWcoStart
                0x0000103c       0x40 .\CortexM0\ARM_GCC_493\Debug\nodusC.a(CyLFClk.o)
                0x0000103c                CySysClkWcoStart
 .text.CySysClkWcoSetPowerMode
                0x0000107c       0x80 .\CortexM0\ARM_GCC_493\Debug\nodusC.a(CyLFClk.o)
                0x0000107c                CySysClkWcoSetPowerMode
 .text.CySysWdtLock
                0x000010fc       0x1c .\CortexM0\ARM_GCC_493\Debug\nodusC.a(CyLFClk.o)
                0x000010fc                CySysWdtLock
 .text.CySysWdtUnlock
                0x00001118       0x30 .\CortexM0\ARM_GCC_493\Debug\nodusC.a(CyLFClk.o)
                0x00001118                CySysWdtUnlock
 .text.CySysWdtClearInterrupt
                0x00001148       0x4c .\CortexM0\ARM_GCC_493\Debug\nodusC.a(CyLFClk.o)
                0x00001148                CySysWdtClearInterrupt
 .text.CySysWdtIsr
                0x00001194       0xa4 .\CortexM0\ARM_GCC_493\Debug\nodusC.a(CyLFClk.o)
                0x00001194                CySysWdtIsr
 .text          0x00001238      0x120 c:/program files (x86)/cypress/psoc creator/3.3/psoc creator/import/gnu/arm/4.9.3/bin/../lib/gcc/arm-none-eabi/4.9.3/armv6-m\libgcc.a(_udivsi3.o)
                0x00001238                __aeabi_uidiv
                0x00001238                __udivsi3
                0x00001344                __aeabi_uidivmod
 .text          0x00001358      0x1e0 c:/program files (x86)/cypress/psoc creator/3.3/psoc creator/import/gnu/arm/4.9.3/bin/../lib/gcc/arm-none-eabi/4.9.3/armv6-m\libgcc.a(_divsi3.o)
                0x00001358                __divsi3
                0x00001358                __aeabi_idiv
                0x00001524                __aeabi_idivmod
 .text          0x00001538        0x4 c:/program files (x86)/cypress/psoc creator/3.3/psoc creator/import/gnu/arm/4.9.3/bin/../lib/gcc/arm-none-eabi/4.9.3/armv6-m\libgcc.a(_dvmd_tls.o)
                0x00001538                __aeabi_idiv0
                0x00001538                __aeabi_ldiv0
 .text.__libc_init_array
                0x0000153c       0x4c c:/program files (x86)/cypress/psoc creator/3.3/psoc creator/import/gnu/arm/4.9.3/bin/../lib/gcc/arm-none-eabi/4.9.3/../../../../arm-none-eabi/lib/armv6-m\libg_nano.a(lib_a-init.o)
                0x0000153c                __libc_init_array
 .text.memset   0x00001588       0x10 c:/program files (x86)/cypress/psoc creator/3.3/psoc creator/import/gnu/arm/4.9.3/bin/../lib/gcc/arm-none-eabi/4.9.3/../../../../arm-none-eabi/lib/armv6-m\libg_nano.a(lib_a-memset.o)
                0x00001588                memset
 *(.plt)
 *(.gnu.warning)
 *(.glue_7t)
 .glue_7t       0x00000000        0x0 linker stubs
 *(.glue_7)
 .glue_7        0x00000000        0x0 linker stubs
 *(.vfp11_veneer)
 .vfp11_veneer  0x00000000        0x0 linker stubs
 *(.bootloader)
 *(.ARM.extab* .gnu.linkonce.armextab.*)
 *(.gcc_except_table)

.v4_bx          0x00001598        0x0
 .v4_bx         0x00000000        0x0 linker stubs

.iplt           0x00001598        0x0
 .iplt          0x00000000        0x0 c:/program files (x86)/cypress/psoc creator/3.3/psoc creator/import/gnu/arm/4.9.3/bin/../lib/gcc/arm-none-eabi/4.9.3/armv6-m/crtbegin.o

.eh_frame_hdr
 *(.eh_frame_hdr)

.eh_frame       0x00001598        0x4
 *(.eh_frame)
 .eh_frame      0x00001598        0x0 c:/program files (x86)/cypress/psoc creator/3.3/psoc creator/import/gnu/arm/4.9.3/bin/../lib/gcc/arm-none-eabi/4.9.3/armv6-m/crtbegin.o
 .eh_frame      0x00001598        0x4 c:/program files (x86)/cypress/psoc creator/3.3/psoc creator/import/gnu/arm/4.9.3/bin/../lib/gcc/arm-none-eabi/4.9.3/armv6-m/crtend.o
                0x0000159c                PROVIDE (__exidx_start, .)

.ARM.exidx
 *(.ARM.exidx* .gnu.linkonce.armexidx.*)
                0x0000159c                __exidx_end = .

.rodata         0x0000159c      0x52c
 *(.rodata .rodata.* .gnu.linkonce.r.*)
 .rodata.str1.4
                0x0000159c      0x438 .\CortexM0\ARM_GCC_493\Debug\main.o
                                0x43c (size before relaxing)
 .rodata        0x000019d4       0x70 .\CortexM0\ARM_GCC_493\Debug\nodusC.a(cyfitter_cfg.o)
 .rodata        0x00001a44       0x1c .\CortexM0\ARM_GCC_493\Debug\nodusC.a(ADC.o)
 .rodata        0x00001a60       0x30 .\CortexM0\ARM_GCC_493\Debug\nodusC.a(CyLib.o)
                0x00001a60                cyImoFreqMhz2Reg
                0x00001a90                . = ALIGN (0x4)
 *(.init)
 .init          0x00001a90        0x4 c:/program files (x86)/cypress/psoc creator/3.3/psoc creator/import/gnu/arm/4.9.3/bin/../lib/gcc/arm-none-eabi/4.9.3/armv6-m/crti.o
                0x00001a90                _init
 .init          0x00001a94        0x8 c:/program files (x86)/cypress/psoc creator/3.3/psoc creator/import/gnu/arm/4.9.3/bin/../lib/gcc/arm-none-eabi/4.9.3/armv6-m/crtn.o
                0x00001a9c                . = ALIGN (0x4)
                0x00001a9c                __preinit_array_start = .
 *(.preinit_array)
                0x00001a9c                __preinit_array_end = .
                0x00001a9c                . = ALIGN (0x4)
                0x00001a9c                __init_array_start = .
 *(SORT(.init_array.*))
 *(.init_array)
 .init_array    0x00001a9c        0x4 c:/program files (x86)/cypress/psoc creator/3.3/psoc creator/import/gnu/arm/4.9.3/bin/../lib/gcc/arm-none-eabi/4.9.3/armv6-m/crtbegin.o
 .init_array    0x00001aa0        0x4 .\CortexM0\ARM_GCC_493\Debug\Cm0Start.o
                0x00001aa4                __init_array_end = .
                0x00001aa4                . = ALIGN (0x4)
 *(.fini)
 .fini          0x00001aa4        0x4 c:/program files (x86)/cypress/psoc creator/3.3/psoc creator/import/gnu/arm/4.9.3/bin/../lib/gcc/arm-none-eabi/4.9.3/armv6-m/crti.o
                0x00001aa4                _fini
 .fini          0x00001aa8        0x8 c:/program files (x86)/cypress/psoc creator/3.3/psoc creator/import/gnu/arm/4.9.3/bin/../lib/gcc/arm-none-eabi/4.9.3/armv6-m/crtn.o
                0x00001ab0                . = ALIGN (0x4)
                0x00001ab0                __fini_array_start = .
 *(.fini_array)
 .fini_array    0x00001ab0        0x4 c:/program files (x86)/cypress/psoc creator/3.3/psoc creator/import/gnu/arm/4.9.3/bin/../lib/gcc/arm-none-eabi/4.9.3/armv6-m/crtbegin.o
 *(SORT(.fini_array.*))
                0x00001ab4                __fini_array_end = .
                0x00001ab4                . = ALIGN (0x4)
 *crtbegin.o(.ctors)
 *(EXCLUDE_FILE(*crtend.o) .ctors)
 *(SORT(.ctors.*))
 *crtend.o(.ctors)
                0x00001ab4                . = ALIGN (0x4)
 *crtbegin.o(.dtors)
 *(EXCLUDE_FILE(*crtend.o) .dtors)
 *(SORT(.dtors.*))
 *crtend.o(.dtors)
                0x00001ab4                . = ALIGN (0x4)
                0x00001ab4                __cy_regions = .
                0x00001ab4        0x4 LONG 0x1ac8 __cy_region_init_ram
                0x00001ab8        0x4 LONG 0x200000c8 __cy_region_start_data
                0x00001abc        0x4 LONG 0x20 __cy_region_init_size_ram
                0x00001ac0        0x4 LONG 0x70 __cy_region_zero_size_ram
                0x00001ac4                __cy_regions_end = .
                0x00001ac8                . = ALIGN (0x8)
 *fill*         0x00001ac4        0x4 
                0x00001ac8                _etext = .

.cy_checksum_exclude
                0x00001ac8        0x0
 *(.cy_checksum_exclude)

.ramvectors     0x20000000       0xc0
                0x20000000                __cy_region_start_ram = .
 *(.ramvectors)
 .ramvectors    0x20000000       0xc0 .\CortexM0\ARM_GCC_493\Debug\Cm0Start.o
                0x20000000                CyRamVectors

.noinit         0x200000c0        0x4
 *(.noinit)
 .noinit        0x200000c0        0x4 .\CortexM0\ARM_GCC_493\Debug\Cm0Start.o

.data           0x200000c8       0x20 load address 0x00001ac8
                0x200000c8                __cy_region_start_data = .
 *(.jcr)
 .jcr           0x200000c8        0x0 c:/program files (x86)/cypress/psoc creator/3.3/psoc creator/import/gnu/arm/4.9.3/bin/../lib/gcc/arm-none-eabi/4.9.3/armv6-m/crtbegin.o
 .jcr           0x200000c8        0x4 c:/program files (x86)/cypress/psoc creator/3.3/psoc creator/import/gnu/arm/4.9.3/bin/../lib/gcc/arm-none-eabi/4.9.3/armv6-m/crtend.o
 *(.got.plt)
 *(.got)
 *(.shdata)
 *(.data .data.* .gnu.linkonce.d.*)
 .data          0x200000cc       0x10 .\CortexM0\ARM_GCC_493\Debug\nodusC.a(CyLib.o)
                0x200000cc                cydelay32kMs
                0x200000d0                cydelayFreqKhz
                0x200000d4                cydelayFreqMhz
                0x200000d8                cydelayFreqHz
 .data          0x200000dc        0x8 .\CortexM0\ARM_GCC_493\Debug\nodusC.a(CyLFClk.o)
                0x200000e8                . = ALIGN (0x8)
 *fill*         0x200000e4        0x4 
 *(.ram)
                0x200000e8                _edata = .

.igot.plt       0x200000e8        0x0 load address 0x00001ae8
 .igot.plt      0x00000000        0x0 c:/program files (x86)/cypress/psoc creator/3.3/psoc creator/import/gnu/arm/4.9.3/bin/../lib/gcc/arm-none-eabi/4.9.3/armv6-m/crtbegin.o

.bss            0x200000e8       0x70 load address 0x00001ae8
                0x200000e8                PROVIDE (__bss_start__, .)
 *(.shbss)
 *(.bss .bss.* .gnu.linkonce.b.*)
 .bss           0x200000e8       0x1c c:/program files (x86)/cypress/psoc creator/3.3/psoc creator/import/gnu/arm/4.9.3/bin/../lib/gcc/arm-none-eabi/4.9.3/armv6-m/crtbegin.o
 .bss           0x20000104        0x6 .\CortexM0\ARM_GCC_493\Debug\main.o
 .bss           0x2000010a        0x4 .\CortexM0\ARM_GCC_493\Debug\nodusC.a(UART.o)
                0x2000010a                UART_initVar
                0x2000010c                UART_IntrTxMask
 .bss           0x2000010e        0x1 .\CortexM0\ARM_GCC_493\Debug\nodusC.a(Timer.o)
                0x2000010e                Timer_initVar
 .bss           0x2000010f        0x1 .\CortexM0\ARM_GCC_493\Debug\nodusC.a(ADC.o)
                0x2000010f                ADC_initVar
 .bss           0x20000110       0x28 .\CortexM0\ARM_GCC_493\Debug\nodusC.a(CyLFClk.o)
 *(COMMON)
 COMMON         0x20000138       0x1e .\CortexM0\ARM_GCC_493\Debug\nodusC.a(ADC.o)
                0x20000138                ADC_countsPer10Volt
                0x2000014c                ADC_offset
                0x20000158                . = ALIGN (0x8)
 *fill*         0x20000156        0x2 
 *(.ram.b)
                0x20000158                _end = .
                0x20000158                __end = .
                0x20000158                PROVIDE (end, .)
                0x20000158                PROVIDE (__bss_end__, .)
                0x00001ac8                __cy_region_init_ram = LOADADDR (.data)
                0x00000020                __cy_region_init_size_ram = (_edata - ADDR (.data))
                0x00000070                __cy_region_zero_size_ram = (_end - _edata)

.heap           0x20000158       0x80 load address 0x00001ae8
                0x20000158                . = _end
                0x200001d8                . = (. + 0x80)
 *fill*         0x20000158       0x80 
                0x200001d8                __cy_heap_limit = .

.stack          0x20007800      0x800
                0x20007800                __cy_stack_limit = .
                0x20008000                . = (. + 0x800)
 *fill*         0x20007800      0x800 
                0x00000001                ASSERT ((__cy_stack_limit >= __cy_heap_limit), region RAM overflowed with stack)
                0x00000000                cy_checksum_exclude_size = (CY_APPL_LOADABLE == 0x1)?SIZEOF (.cy_checksum_exclude):0x0
                0x00000001                ASSERT ((cy_checksum_exclude_size <= CY_CHECKSUM_EXCLUDE_SIZE), CY_BOOT: Section .cy_checksum_exclude size exceedes specified limit.)
                0x0003ffc0                cyloadermeta_start = (cy_project_type_bootloader || cy_project_type_app_for_stack_and_copier)?(0x40000 - CY_METADATA_SIZE):0xf0000000

.cyloadermeta
 *(.cyloadermeta)
                0x0003ffc0                cyloadablemeta_start = cy_project_type_app_for_stack_and_copier?((0x40000 - CY_FLASH_ROW_SIZE) - CY_METADATA_SIZE):((0x40000 - (CY_FLASH_ROW_SIZE * (CY_APPL_NUM - 0x1))) - CY_METADATA_SIZE)

.cyloadablemeta
 *(.cyloadablemeta)

.cyflashprotect
                0x90400000       0x80
 *(.cyflashprotect)
 .cyflashprotect
                0x90400000       0x80 .\CortexM0\ARM_GCC_493\Debug\cymetadata.o
                0x90400000                cy_meta_flashprotect

.cymeta         0x90500000        0xc
 *(.cymeta)
 .cymeta        0x90500000        0xc .\CortexM0\ARM_GCC_493\Debug\cymetadata.o
                0x90500000                cy_metadata

.cychipprotect  0x90600000        0x4
 *(.cychipprotect)
 .cychipprotect
                0x90600000        0x4 .\CortexM0\ARM_GCC_493\Debug\cymetadata.o
                0x90600000                cy_meta_chipprotect

.rel.dyn        0x00001ae8        0x0 load address 0x90600004
 .rel.iplt      0x00000000        0x0 c:/program files (x86)/cypress/psoc creator/3.3/psoc creator/import/gnu/arm/4.9.3/bin/../lib/gcc/arm-none-eabi/4.9.3/armv6-m/crtbegin.o

.stab
 *(.stab)

.stabstr
 *(.stabstr)

.debug
 *(.debug)

.line
 *(.line)

.debug_srcinfo
 *(.debug_srcinfo)

.debug_sfnames
 *(.debug_sfnames)

.debug_aranges  0x00000000      0xb00
 *(.debug_aranges)
 .debug_aranges
                0x00000000       0x70 .\CortexM0\ARM_GCC_493\Debug\main.o
 .debug_aranges
                0x00000070      0x140 .\CortexM0\ARM_GCC_493\Debug\nodus_api.o
 .debug_aranges
                0x000001b0       0x18 .\CortexM0\ARM_GCC_493\Debug\cymetadata.o
 .debug_aranges
                0x000001c8       0x48 .\CortexM0\ARM_GCC_493\Debug\Cm0Start.o
 .debug_aranges
                0x00000210       0x48 .\CortexM0\ARM_GCC_493\Debug\nodusC.a(cyfitter_cfg.o)
 .debug_aranges
                0x00000258       0x58 .\CortexM0\ARM_GCC_493\Debug\nodusC.a(UART.o)
 .debug_aranges
                0x000002b0       0x60 .\CortexM0\ARM_GCC_493\Debug\nodusC.a(UART_SPI_UART.o)
 .debug_aranges
                0x00000310       0x88 .\CortexM0\ARM_GCC_493\Debug\nodusC.a(UART_UART.o)
 .debug_aranges
                0x00000398       0x80 .\CortexM0\ARM_GCC_493\Debug\nodusC.a(Timer_Int.o)
 .debug_aranges
                0x00000418      0x158 .\CortexM0\ARM_GCC_493\Debug\nodusC.a(Timer.o)
 .debug_aranges
                0x00000570       0x80 .\CortexM0\ARM_GCC_493\Debug\nodusC.a(ADC_EOC_Int.o)
 .debug_aranges
                0x000005f0       0xb0 .\CortexM0\ARM_GCC_493\Debug\nodusC.a(ADC.o)
 .debug_aranges
                0x000006a0       0x20 .\CortexM0\ARM_GCC_493\Debug\nodusC.a(ADC_INT.o)
 .debug_aranges
                0x000006c0       0x80 .\CortexM0\ARM_GCC_493\Debug\nodusC.a(ADC_IRQ.o)
 .debug_aranges
                0x00000740       0x20 .\CortexM0\ARM_GCC_493\Debug\nodusC.a(CyBootAsmGnu.o)
 .debug_aranges
                0x00000760      0x1c0 .\CortexM0\ARM_GCC_493\Debug\nodusC.a(CyLib.o)
 .debug_aranges
                0x00000920       0x58 .\CortexM0\ARM_GCC_493\Debug\nodusC.a(cyPm.o)
 .debug_aranges
                0x00000978      0x188 .\CortexM0\ARM_GCC_493\Debug\nodusC.a(CyLFClk.o)

.debug_pubnames
 *(.debug_pubnames)

.debug_info     0x00000000     0x57bd
 *(.debug_info .gnu.linkonce.wi.*)
 .debug_info    0x00000000      0xaaf .\CortexM0\ARM_GCC_493\Debug\main.o
 .debug_info    0x00000aaf      0x29b .\CortexM0\ARM_GCC_493\Debug\nodus_api.o
 .debug_info    0x00000d4a       0xfe .\CortexM0\ARM_GCC_493\Debug\cymetadata.o
 .debug_info    0x00000e48      0x38c .\CortexM0\ARM_GCC_493\Debug\Cm0Start.o
 .debug_info    0x000011d4      0x4de .\CortexM0\ARM_GCC_493\Debug\nodusC.a(cyfitter_cfg.o)
 .debug_info    0x000016b2      0x227 .\CortexM0\ARM_GCC_493\Debug\nodusC.a(UART.o)
 .debug_info    0x000018d9      0x219 .\CortexM0\ARM_GCC_493\Debug\nodusC.a(UART_SPI_UART.o)
 .debug_info    0x00001af2      0x369 .\CortexM0\ARM_GCC_493\Debug\nodusC.a(UART_UART.o)
 .debug_info    0x00001e5b      0x300 .\CortexM0\ARM_GCC_493\Debug\nodusC.a(Timer_Int.o)
 .debug_info    0x0000215b      0x8f1 .\CortexM0\ARM_GCC_493\Debug\nodusC.a(Timer.o)
 .debug_info    0x00002a4c      0x300 .\CortexM0\ARM_GCC_493\Debug\nodusC.a(ADC_EOC_Int.o)
 .debug_info    0x00002d4c      0x5d1 .\CortexM0\ARM_GCC_493\Debug\nodusC.a(ADC.o)
 .debug_info    0x0000331d       0xc4 .\CortexM0\ARM_GCC_493\Debug\nodusC.a(ADC_INT.o)
 .debug_info    0x000033e1      0x300 .\CortexM0\ARM_GCC_493\Debug\nodusC.a(ADC_IRQ.o)
 .debug_info    0x000036e1       0x8d .\CortexM0\ARM_GCC_493\Debug\nodusC.a(CyBootAsmGnu.o)
 .debug_info    0x0000376e      0xcfa .\CortexM0\ARM_GCC_493\Debug\nodusC.a(CyLib.o)
 .debug_info    0x00004468      0x2e6 .\CortexM0\ARM_GCC_493\Debug\nodusC.a(cyPm.o)
 .debug_info    0x0000474e     0x106f .\CortexM0\ARM_GCC_493\Debug\nodusC.a(CyLFClk.o)

.debug_abbrev   0x00000000     0x190e
 *(.debug_abbrev)
 .debug_abbrev  0x00000000      0x283 .\CortexM0\ARM_GCC_493\Debug\main.o
 .debug_abbrev  0x00000283       0x2a .\CortexM0\ARM_GCC_493\Debug\nodus_api.o
 .debug_abbrev  0x000002ad       0x5d .\CortexM0\ARM_GCC_493\Debug\cymetadata.o
 .debug_abbrev  0x0000030a      0x1fe .\CortexM0\ARM_GCC_493\Debug\Cm0Start.o
 .debug_abbrev  0x00000508      0x21c .\CortexM0\ARM_GCC_493\Debug\nodusC.a(cyfitter_cfg.o)
 .debug_abbrev  0x00000724       0xd5 .\CortexM0\ARM_GCC_493\Debug\nodusC.a(UART.o)
 .debug_abbrev  0x000007f9      0x14f .\CortexM0\ARM_GCC_493\Debug\nodusC.a(UART_SPI_UART.o)
 .debug_abbrev  0x00000948      0x14c .\CortexM0\ARM_GCC_493\Debug\nodusC.a(UART_UART.o)
 .debug_abbrev  0x00000a94      0x1b4 .\CortexM0\ARM_GCC_493\Debug\nodusC.a(Timer_Int.o)
 .debug_abbrev  0x00000c48      0x133 .\CortexM0\ARM_GCC_493\Debug\nodusC.a(Timer.o)
 .debug_abbrev  0x00000d7b      0x1b4 .\CortexM0\ARM_GCC_493\Debug\nodusC.a(ADC_EOC_Int.o)
 .debug_abbrev  0x00000f2f      0x1dd .\CortexM0\ARM_GCC_493\Debug\nodusC.a(ADC.o)
 .debug_abbrev  0x0000110c       0x65 .\CortexM0\ARM_GCC_493\Debug\nodusC.a(ADC_INT.o)
 .debug_abbrev  0x00001171      0x1b4 .\CortexM0\ARM_GCC_493\Debug\nodusC.a(ADC_IRQ.o)
 .debug_abbrev  0x00001325       0x14 .\CortexM0\ARM_GCC_493\Debug\nodusC.a(CyBootAsmGnu.o)
 .debug_abbrev  0x00001339      0x20d .\CortexM0\ARM_GCC_493\Debug\nodusC.a(CyLib.o)
 .debug_abbrev  0x00001546      0x155 .\CortexM0\ARM_GCC_493\Debug\nodusC.a(cyPm.o)
 .debug_abbrev  0x0000169b      0x273 .\CortexM0\ARM_GCC_493\Debug\nodusC.a(CyLFClk.o)

.debug_line     0x00000000     0x24f2
 *(.debug_line)
 .debug_line    0x00000000      0x24a .\CortexM0\ARM_GCC_493\Debug\main.o
 .debug_line    0x0000024a      0x296 .\CortexM0\ARM_GCC_493\Debug\nodus_api.o
 .debug_line    0x000004e0       0x53 .\CortexM0\ARM_GCC_493\Debug\cymetadata.o
 .debug_line    0x00000533      0x249 .\CortexM0\ARM_GCC_493\Debug\Cm0Start.o
 .debug_line    0x0000077c      0x1d3 .\CortexM0\ARM_GCC_493\Debug\nodusC.a(cyfitter_cfg.o)
 .debug_line    0x0000094f      0x121 .\CortexM0\ARM_GCC_493\Debug\nodusC.a(UART.o)
 .debug_line    0x00000a70      0x133 .\CortexM0\ARM_GCC_493\Debug\nodusC.a(UART_SPI_UART.o)
 .debug_line    0x00000ba3      0x1c7 .\CortexM0\ARM_GCC_493\Debug\nodusC.a(UART_UART.o)
 .debug_line    0x00000d6a      0x16e .\CortexM0\ARM_GCC_493\Debug\nodusC.a(Timer_Int.o)
 .debug_line    0x00000ed8      0x37b .\CortexM0\ARM_GCC_493\Debug\nodusC.a(Timer.o)
 .debug_line    0x00001253      0x170 .\CortexM0\ARM_GCC_493\Debug\nodusC.a(ADC_EOC_Int.o)
 .debug_line    0x000013c3      0x2ad .\CortexM0\ARM_GCC_493\Debug\nodusC.a(ADC.o)
 .debug_line    0x00001670       0x64 .\CortexM0\ARM_GCC_493\Debug\nodusC.a(ADC_INT.o)
 .debug_line    0x000016d4      0x16c .\CortexM0\ARM_GCC_493\Debug\nodusC.a(ADC_IRQ.o)
 .debug_line    0x00001840       0x6a .\CortexM0\ARM_GCC_493\Debug\nodusC.a(CyBootAsmGnu.o)
 .debug_line    0x000018aa      0x525 .\CortexM0\ARM_GCC_493\Debug\nodusC.a(CyLib.o)
 .debug_line    0x00001dcf      0x145 .\CortexM0\ARM_GCC_493\Debug\nodusC.a(cyPm.o)
 .debug_line    0x00001f14      0x5de .\CortexM0\ARM_GCC_493\Debug\nodusC.a(CyLFClk.o)

.debug_frame    0x00000000     0x1cec
 *(.debug_frame)
 .debug_frame   0x00000000      0x144 .\CortexM0\ARM_GCC_493\Debug\main.o
 .debug_frame   0x00000144      0x260 .\CortexM0\ARM_GCC_493\Debug\nodus_api.o
 .debug_frame   0x000003a4       0xb0 .\CortexM0\ARM_GCC_493\Debug\Cm0Start.o
 .debug_frame   0x00000454       0xb8 .\CortexM0\ARM_GCC_493\Debug\nodusC.a(cyfitter_cfg.o)
 .debug_frame   0x0000050c       0xd8 .\CortexM0\ARM_GCC_493\Debug\nodusC.a(UART.o)
 .debug_frame   0x000005e4       0xb0 .\CortexM0\ARM_GCC_493\Debug\nodusC.a(UART_SPI_UART.o)
 .debug_frame   0x00000694      0x130 .\CortexM0\ARM_GCC_493\Debug\nodusC.a(UART_UART.o)
 .debug_frame   0x000007c4      0x110 .\CortexM0\ARM_GCC_493\Debug\nodusC.a(Timer_Int.o)
 .debug_frame   0x000008d4      0x390 .\CortexM0\ARM_GCC_493\Debug\nodusC.a(Timer.o)
 .debug_frame   0x00000c64      0x110 .\CortexM0\ARM_GCC_493\Debug\nodusC.a(ADC_EOC_Int.o)
 .debug_frame   0x00000d74      0x1c0 .\CortexM0\ARM_GCC_493\Debug\nodusC.a(ADC.o)
 .debug_frame   0x00000f34       0x20 .\CortexM0\ARM_GCC_493\Debug\nodusC.a(ADC_INT.o)
 .debug_frame   0x00000f54      0x110 .\CortexM0\ARM_GCC_493\Debug\nodusC.a(ADC_IRQ.o)
 .debug_frame   0x00001064      0x484 .\CortexM0\ARM_GCC_493\Debug\nodusC.a(CyLib.o)
 .debug_frame   0x000014e8       0xe8 .\CortexM0\ARM_GCC_493\Debug\nodusC.a(cyPm.o)
 .debug_frame   0x000015d0      0x4a8 .\CortexM0\ARM_GCC_493\Debug\nodusC.a(CyLFClk.o)
 .debug_frame   0x00001a78       0x20 c:/program files (x86)/cypress/psoc creator/3.3/psoc creator/import/gnu/arm/4.9.3/bin/../lib/gcc/arm-none-eabi/4.9.3/armv6-m\libgcc.a(_udivsi3.o)
 .debug_frame   0x00001a98       0x20 c:/program files (x86)/cypress/psoc creator/3.3/psoc creator/import/gnu/arm/4.9.3/bin/../lib/gcc/arm-none-eabi/4.9.3/armv6-m\libgcc.a(_divsi3.o)
 .debug_frame   0x00001ab8       0x34 c:/program files (x86)/cypress/psoc creator/3.3/psoc creator/import/gnu/arm/4.9.3/bin/../lib/gcc/arm-none-eabi/4.9.3/armv6-m\libgcc.a(_muldi3.o)
 .debug_frame   0x00001aec       0x50 c:/program files (x86)/cypress/psoc creator/3.3/psoc creator/import/gnu/arm/4.9.3/bin/../lib/gcc/arm-none-eabi/4.9.3/armv6-m\libgcc.a(bpabi.o)
 .debug_frame   0x00001b3c       0x3c c:/program files (x86)/cypress/psoc creator/3.3/psoc creator/import/gnu/arm/4.9.3/bin/../lib/gcc/arm-none-eabi/4.9.3/armv6-m\libgcc.a(divsf3.o)
 .debug_frame   0x00001b78       0x3c c:/program files (x86)/cypress/psoc creator/3.3/psoc creator/import/gnu/arm/4.9.3/bin/../lib/gcc/arm-none-eabi/4.9.3/armv6-m\libgcc.a(mulsf3.o)
 .debug_frame   0x00001bb4       0x2c c:/program files (x86)/cypress/psoc creator/3.3/psoc creator/import/gnu/arm/4.9.3/bin/../lib/gcc/arm-none-eabi/4.9.3/armv6-m\libgcc.a(floatsisf.o)
 .debug_frame   0x00001be0       0x3c c:/program files (x86)/cypress/psoc creator/3.3/psoc creator/import/gnu/arm/4.9.3/bin/../lib/gcc/arm-none-eabi/4.9.3/armv6-m\libgcc.a(_divdi3.o)
 .debug_frame   0x00001c1c       0x3c c:/program files (x86)/cypress/psoc creator/3.3/psoc creator/import/gnu/arm/4.9.3/bin/../lib/gcc/arm-none-eabi/4.9.3/armv6-m\libgcc.a(_udivdi3.o)
 .debug_frame   0x00001c58       0x20 c:/program files (x86)/cypress/psoc creator/3.3/psoc creator/import/gnu/arm/4.9.3/bin/../lib/gcc/arm-none-eabi/4.9.3/../../../../arm-none-eabi/lib/armv6-m\libg_nano.a(lib_a-errno.o)
 .debug_frame   0x00001c78       0x28 c:/program files (x86)/cypress/psoc creator/3.3/psoc creator/import/gnu/arm/4.9.3/bin/../lib/gcc/arm-none-eabi/4.9.3/../../../../arm-none-eabi/lib/armv6-m\libg_nano.a(lib_a-exit.o)
 .debug_frame   0x00001ca0       0x2c c:/program files (x86)/cypress/psoc creator/3.3/psoc creator/import/gnu/arm/4.9.3/bin/../lib/gcc/arm-none-eabi/4.9.3/../../../../arm-none-eabi/lib/armv6-m\libg_nano.a(lib_a-init.o)
 .debug_frame   0x00001ccc       0x20 c:/program files (x86)/cypress/psoc creator/3.3/psoc creator/import/gnu/arm/4.9.3/bin/../lib/gcc/arm-none-eabi/4.9.3/../../../../arm-none-eabi/lib/armv6-m\libg_nano.a(lib_a-memset.o)

.debug_str      0x00000000     0x2bdd
 *(.debug_str)
 .debug_str     0x00000000      0xc99 .\CortexM0\ARM_GCC_493\Debug\main.o
                                0xce4 (size before relaxing)
 .debug_str     0x00000c99      0x2ad .\CortexM0\ARM_GCC_493\Debug\nodus_api.o
                                0x378 (size before relaxing)
 .debug_str     0x00000f46       0x61 .\CortexM0\ARM_GCC_493\Debug\cymetadata.o
                                0x1cb (size before relaxing)
 .debug_str     0x00000fa7      0x149 .\CortexM0\ARM_GCC_493\Debug\Cm0Start.o
                                0x2f2 (size before relaxing)
 .debug_str     0x000010f0      0x181 .\CortexM0\ARM_GCC_493\Debug\nodusC.a(cyfitter_cfg.o)
                                0x356 (size before relaxing)
 .debug_str     0x00001271       0xf9 .\CortexM0\ARM_GCC_493\Debug\nodusC.a(UART.o)
                                0x288 (size before relaxing)
 .debug_str     0x0000136a      0x11f .\CortexM0\ARM_GCC_493\Debug\nodusC.a(UART_SPI_UART.o)
                                0x2bf (size before relaxing)
 .debug_str     0x00001489      0x130 .\CortexM0\ARM_GCC_493\Debug\nodusC.a(UART_UART.o)
                                0x37f (size before relaxing)
 .debug_str     0x000015b9      0x162 .\CortexM0\ARM_GCC_493\Debug\nodusC.a(Timer_Int.o)
                                0x313 (size before relaxing)
 .debug_str     0x0000171b      0x3d1 .\CortexM0\ARM_GCC_493\Debug\nodusC.a(Timer.o)
                                0x5a2 (size before relaxing)
 .debug_str     0x00001aec      0x128 .\CortexM0\ARM_GCC_493\Debug\nodusC.a(ADC_EOC_Int.o)
                                0x32f (size before relaxing)
 .debug_str     0x00001c14      0x1c6 .\CortexM0\ARM_GCC_493\Debug\nodusC.a(ADC.o)
                                0x3ea (size before relaxing)
 .debug_str     0x00001dda       0x2b .\CortexM0\ARM_GCC_493\Debug\nodusC.a(ADC_INT.o)
                                0x1ae (size before relaxing)
 .debug_str     0x00001e05       0xe5 .\CortexM0\ARM_GCC_493\Debug\nodusC.a(ADC_IRQ.o)
                                0x2f7 (size before relaxing)
 .debug_str     0x00001eea      0x53c .\CortexM0\ARM_GCC_493\Debug\nodusC.a(CyLib.o)
                                0x7b0 (size before relaxing)
 .debug_str     0x00002426       0xd0 .\CortexM0\ARM_GCC_493\Debug\nodusC.a(cyPm.o)
                                0x2c4 (size before relaxing)
 .debug_str     0x000024f6      0x6e7 .\CortexM0\ARM_GCC_493\Debug\nodusC.a(CyLFClk.o)
                                0x929 (size before relaxing)

.debug_loc      0x00000000     0x2a4c
 *(.debug_loc)
 .debug_loc     0x00000000      0x224 .\CortexM0\ARM_GCC_493\Debug\main.o
 .debug_loc     0x00000224      0x14f .\CortexM0\ARM_GCC_493\Debug\Cm0Start.o
 .debug_loc     0x00000373      0x136 .\CortexM0\ARM_GCC_493\Debug\nodusC.a(cyfitter_cfg.o)
 .debug_loc     0x000004a9       0x7e .\CortexM0\ARM_GCC_493\Debug\nodusC.a(UART.o)
 .debug_loc     0x00000527       0x96 .\CortexM0\ARM_GCC_493\Debug\nodusC.a(UART_SPI_UART.o)
 .debug_loc     0x000005bd      0x1b2 .\CortexM0\ARM_GCC_493\Debug\nodusC.a(UART_UART.o)
 .debug_loc     0x0000076f       0x82 .\CortexM0\ARM_GCC_493\Debug\nodusC.a(Timer_Int.o)
 .debug_loc     0x000007f1      0x547 .\CortexM0\ARM_GCC_493\Debug\nodusC.a(Timer.o)
 .debug_loc     0x00000d38       0x82 .\CortexM0\ARM_GCC_493\Debug\nodusC.a(ADC_EOC_Int.o)
 .debug_loc     0x00000dba      0x547 .\CortexM0\ARM_GCC_493\Debug\nodusC.a(ADC.o)
 .debug_loc     0x00001301       0x82 .\CortexM0\ARM_GCC_493\Debug\nodusC.a(ADC_IRQ.o)
 .debug_loc     0x00001383      0x834 .\CortexM0\ARM_GCC_493\Debug\nodusC.a(CyLib.o)
 .debug_loc     0x00001bb7       0xe1 .\CortexM0\ARM_GCC_493\Debug\nodusC.a(cyPm.o)
 .debug_loc     0x00001c98      0xdb4 .\CortexM0\ARM_GCC_493\Debug\nodusC.a(CyLFClk.o)

.debug_macinfo
 *(.debug_macinfo)

.debug_ranges   0x00000000      0x9c8
 *(.debug_ranges)
 .debug_ranges  0x00000000       0x60 .\CortexM0\ARM_GCC_493\Debug\main.o
 .debug_ranges  0x00000060      0x130 .\CortexM0\ARM_GCC_493\Debug\nodus_api.o
 .debug_ranges  0x00000190       0x38 .\CortexM0\ARM_GCC_493\Debug\Cm0Start.o
 .debug_ranges  0x000001c8       0x38 .\CortexM0\ARM_GCC_493\Debug\nodusC.a(cyfitter_cfg.o)
 .debug_ranges  0x00000200       0x48 .\CortexM0\ARM_GCC_493\Debug\nodusC.a(UART.o)
 .debug_ranges  0x00000248       0x50 .\CortexM0\ARM_GCC_493\Debug\nodusC.a(UART_SPI_UART.o)
 .debug_ranges  0x00000298       0x78 .\CortexM0\ARM_GCC_493\Debug\nodusC.a(UART_UART.o)
 .debug_ranges  0x00000310       0x70 .\CortexM0\ARM_GCC_493\Debug\nodusC.a(Timer_Int.o)
 .debug_ranges  0x00000380      0x148 .\CortexM0\ARM_GCC_493\Debug\nodusC.a(Timer.o)
 .debug_ranges  0x000004c8       0x70 .\CortexM0\ARM_GCC_493\Debug\nodusC.a(ADC_EOC_Int.o)
 .debug_ranges  0x00000538       0xa0 .\CortexM0\ARM_GCC_493\Debug\nodusC.a(ADC.o)
 .debug_ranges  0x000005d8       0x10 .\CortexM0\ARM_GCC_493\Debug\nodusC.a(ADC_INT.o)
 .debug_ranges  0x000005e8       0x70 .\CortexM0\ARM_GCC_493\Debug\nodusC.a(ADC_IRQ.o)
 .debug_ranges  0x00000658      0x1b0 .\CortexM0\ARM_GCC_493\Debug\nodusC.a(CyLib.o)
 .debug_ranges  0x00000808       0x48 .\CortexM0\ARM_GCC_493\Debug\nodusC.a(cyPm.o)
 .debug_ranges  0x00000850      0x178 .\CortexM0\ARM_GCC_493\Debug\nodusC.a(CyLFClk.o)

.comment        0x00000000       0x70
 .comment       0x00000000       0x70 .\CortexM0\ARM_GCC_493\Debug\main.o
                                 0x71 (size before relaxing)
 .comment       0x00000000       0x71 .\CortexM0\ARM_GCC_493\Debug\nodus_api.o
 .comment       0x00000000       0x71 .\CortexM0\ARM_GCC_493\Debug\cymetadata.o
 .comment       0x00000000       0x71 .\CortexM0\ARM_GCC_493\Debug\Cm0Start.o
 .comment       0x00000000       0x71 .\CortexM0\ARM_GCC_493\Debug\nodusC.a(cyfitter_cfg.o)
 .comment       0x00000000       0x71 .\CortexM0\ARM_GCC_493\Debug\nodusC.a(UART.o)
 .comment       0x00000000       0x71 .\CortexM0\ARM_GCC_493\Debug\nodusC.a(UART_SPI_UART.o)
 .comment       0x00000000       0x71 .\CortexM0\ARM_GCC_493\Debug\nodusC.a(UART_UART.o)
 .comment       0x00000000       0x71 .\CortexM0\ARM_GCC_493\Debug\nodusC.a(Timer_Int.o)
 .comment       0x00000000       0x71 .\CortexM0\ARM_GCC_493\Debug\nodusC.a(Timer.o)
 .comment       0x00000000       0x71 .\CortexM0\ARM_GCC_493\Debug\nodusC.a(ADC_EOC_Int.o)
 .comment       0x00000000       0x71 .\CortexM0\ARM_GCC_493\Debug\nodusC.a(ADC.o)
 .comment       0x00000000       0x71 .\CortexM0\ARM_GCC_493\Debug\nodusC.a(ADC_INT.o)
 .comment       0x00000000       0x71 .\CortexM0\ARM_GCC_493\Debug\nodusC.a(ADC_IRQ.o)
 .comment       0x00000000       0x71 .\CortexM0\ARM_GCC_493\Debug\nodusC.a(CyLib.o)
 .comment       0x00000000       0x71 .\CortexM0\ARM_GCC_493\Debug\nodusC.a(cyPm.o)
 .comment       0x00000000       0x71 .\CortexM0\ARM_GCC_493\Debug\nodusC.a(CyLFClk.o)

.debug_weaknames
 *(.debug_weaknames)

.debug_funcnames
 *(.debug_funcnames)

.debug_typenames
 *(.debug_typenames)

.debug_varnames
 *(.debug_varnames)

.note.gnu.arm.ident
 *(.note.gnu.arm.ident)

.ARM.attributes
                0x00000000       0x28
 *(.ARM.attributes)
 .ARM.attributes
                0x00000000       0x1e c:/program files (x86)/cypress/psoc creator/3.3/psoc creator/import/gnu/arm/4.9.3/bin/../lib/gcc/arm-none-eabi/4.9.3/armv6-m/crti.o
 .ARM.attributes
                0x0000001e       0x2c c:/program files (x86)/cypress/psoc creator/3.3/psoc creator/import/gnu/arm/4.9.3/bin/../lib/gcc/arm-none-eabi/4.9.3/armv6-m/crtbegin.o
 .ARM.attributes
                0x0000004a       0x1b c:/program files (x86)/cypress/psoc creator/3.3/psoc creator/import/gnu/arm/4.9.3/bin/../lib/gcc/arm-none-eabi/4.9.3/../../../../arm-none-eabi/lib/armv6-m/crt0.o
 .ARM.attributes
                0x00000065       0x31 .\CortexM0\ARM_GCC_493\Debug\main.o
 .ARM.attributes
                0x00000096       0x31 .\CortexM0\ARM_GCC_493\Debug\nodus_api.o
 .ARM.attributes
                0x000000c7       0x31 .\CortexM0\ARM_GCC_493\Debug\cymetadata.o
 .ARM.attributes
                0x000000f8       0x31 .\CortexM0\ARM_GCC_493\Debug\Cm0Start.o
 .ARM.attributes
                0x00000129       0x31 .\CortexM0\ARM_GCC_493\Debug\nodusC.a(cyfitter_cfg.o)
 .ARM.attributes
                0x0000015a       0x31 .\CortexM0\ARM_GCC_493\Debug\nodusC.a(UART.o)
 .ARM.attributes
                0x0000018b       0x31 .\CortexM0\ARM_GCC_493\Debug\nodusC.a(UART_SPI_UART.o)
 .ARM.attributes
                0x000001bc       0x31 .\CortexM0\ARM_GCC_493\Debug\nodusC.a(UART_UART.o)
 .ARM.attributes
                0x000001ed       0x31 .\CortexM0\ARM_GCC_493\Debug\nodusC.a(Timer_Int.o)
 .ARM.attributes
                0x0000021e       0x31 .\CortexM0\ARM_GCC_493\Debug\nodusC.a(Timer.o)
 .ARM.attributes
                0x0000024f       0x31 .\CortexM0\ARM_GCC_493\Debug\nodusC.a(ADC_EOC_Int.o)
 .ARM.attributes
                0x00000280       0x31 .\CortexM0\ARM_GCC_493\Debug\nodusC.a(ADC.o)
 .ARM.attributes
                0x000002b1       0x31 .\CortexM0\ARM_GCC_493\Debug\nodusC.a(ADC_INT.o)
 .ARM.attributes
                0x000002e2       0x31 .\CortexM0\ARM_GCC_493\Debug\nodusC.a(ADC_IRQ.o)
 .ARM.attributes
                0x00000313       0x21 .\CortexM0\ARM_GCC_493\Debug\nodusC.a(CyBootAsmGnu.o)
 .ARM.attributes
                0x00000334       0x31 .\CortexM0\ARM_GCC_493\Debug\nodusC.a(CyLib.o)
 .ARM.attributes
                0x00000365       0x31 .\CortexM0\ARM_GCC_493\Debug\nodusC.a(cyPm.o)
 .ARM.attributes
                0x00000396       0x31 .\CortexM0\ARM_GCC_493\Debug\nodusC.a(CyLFClk.o)
 .ARM.attributes
                0x000003c7       0x1e c:/program files (x86)/cypress/psoc creator/3.3/psoc creator/import/gnu/arm/4.9.3/bin/../lib/gcc/arm-none-eabi/4.9.3/armv6-m\libgcc.a(_udivsi3.o)
 .ARM.attributes
                0x000003e5       0x1e c:/program files (x86)/cypress/psoc creator/3.3/psoc creator/import/gnu/arm/4.9.3/bin/../lib/gcc/arm-none-eabi/4.9.3/armv6-m\libgcc.a(_divsi3.o)
 .ARM.attributes
                0x00000403       0x1e c:/program files (x86)/cypress/psoc creator/3.3/psoc creator/import/gnu/arm/4.9.3/bin/../lib/gcc/arm-none-eabi/4.9.3/armv6-m\libgcc.a(_dvmd_tls.o)
 .ARM.attributes
                0x00000421       0x1e c:/program files (x86)/cypress/psoc creator/3.3/psoc creator/import/gnu/arm/4.9.3/bin/../lib/gcc/arm-none-eabi/4.9.3/armv6-m\libgcc.a(_aeabi_ldivmod.o)
 .ARM.attributes
                0x0000043f       0x2c c:/program files (x86)/cypress/psoc creator/3.3/psoc creator/import/gnu/arm/4.9.3/bin/../lib/gcc/arm-none-eabi/4.9.3/armv6-m\libgcc.a(_muldi3.o)
 .ARM.attributes
                0x0000046b       0x2c c:/program files (x86)/cypress/psoc creator/3.3/psoc creator/import/gnu/arm/4.9.3/bin/../lib/gcc/arm-none-eabi/4.9.3/armv6-m\libgcc.a(bpabi.o)
 .ARM.attributes
                0x00000497       0x2c c:/program files (x86)/cypress/psoc creator/3.3/psoc creator/import/gnu/arm/4.9.3/bin/../lib/gcc/arm-none-eabi/4.9.3/armv6-m\libgcc.a(divsf3.o)
 .ARM.attributes
                0x000004c3       0x2c c:/program files (x86)/cypress/psoc creator/3.3/psoc creator/import/gnu/arm/4.9.3/bin/../lib/gcc/arm-none-eabi/4.9.3/armv6-m\libgcc.a(mulsf3.o)
 .ARM.attributes
                0x000004ef       0x2c c:/program files (x86)/cypress/psoc creator/3.3/psoc creator/import/gnu/arm/4.9.3/bin/../lib/gcc/arm-none-eabi/4.9.3/armv6-m\libgcc.a(floatsisf.o)
 .ARM.attributes
                0x0000051b       0x1e c:/program files (x86)/cypress/psoc creator/3.3/psoc creator/import/gnu/arm/4.9.3/bin/../lib/gcc/arm-none-eabi/4.9.3/armv6-m\libgcc.a(_clzsi2.o)
 .ARM.attributes
                0x00000539       0x2c c:/program files (x86)/cypress/psoc creator/3.3/psoc creator/import/gnu/arm/4.9.3/bin/../lib/gcc/arm-none-eabi/4.9.3/armv6-m\libgcc.a(_divdi3.o)
 .ARM.attributes
                0x00000565       0x2c c:/program files (x86)/cypress/psoc creator/3.3/psoc creator/import/gnu/arm/4.9.3/bin/../lib/gcc/arm-none-eabi/4.9.3/armv6-m\libgcc.a(_udivdi3.o)
 .ARM.attributes
                0x00000591       0x1e c:/program files (x86)/cypress/psoc creator/3.3/psoc creator/import/gnu/arm/4.9.3/bin/../lib/gcc/arm-none-eabi/4.9.3/armv6-m\libgcc.a(_clzdi2.o)
 .ARM.attributes
                0x000005af       0x2c c:/program files (x86)/cypress/psoc creator/3.3/psoc creator/import/gnu/arm/4.9.3/bin/../lib/gcc/arm-none-eabi/4.9.3/../../../../arm-none-eabi/lib/armv6-m\libg_nano.a(lib_a-errno.o)
 .ARM.attributes
                0x000005db       0x2c c:/program files (x86)/cypress/psoc creator/3.3/psoc creator/import/gnu/arm/4.9.3/bin/../lib/gcc/arm-none-eabi/4.9.3/../../../../arm-none-eabi/lib/armv6-m\libg_nano.a(lib_a-exit.o)
 .ARM.attributes
                0x00000607       0x2c c:/program files (x86)/cypress/psoc creator/3.3/psoc creator/import/gnu/arm/4.9.3/bin/../lib/gcc/arm-none-eabi/4.9.3/../../../../arm-none-eabi/lib/armv6-m\libg_nano.a(lib_a-impure.o)
 .ARM.attributes
                0x00000633       0x2c c:/program files (x86)/cypress/psoc creator/3.3/psoc creator/import/gnu/arm/4.9.3/bin/../lib/gcc/arm-none-eabi/4.9.3/../../../../arm-none-eabi/lib/armv6-m\libg_nano.a(lib_a-init.o)
 .ARM.attributes
                0x0000065f       0x2c c:/program files (x86)/cypress/psoc creator/3.3/psoc creator/import/gnu/arm/4.9.3/bin/../lib/gcc/arm-none-eabi/4.9.3/../../../../arm-none-eabi/lib/armv6-m\libg_nano.a(lib_a-memset.o)
 .ARM.attributes
                0x0000068b       0x2c c:/program files (x86)/cypress/psoc creator/3.3/psoc creator/import/gnu/arm/4.9.3/bin/../lib/gcc/arm-none-eabi/4.9.3/armv6-m/crtend.o
 .ARM.attributes
                0x000006b7       0x1e c:/program files (x86)/cypress/psoc creator/3.3/psoc creator/import/gnu/arm/4.9.3/bin/../lib/gcc/arm-none-eabi/4.9.3/armv6-m/crtn.o

/DISCARD/
 *(.note.GNU-stack)
OUTPUT(.\CortexM0\ARM_GCC_493\Debug\nodusC.elf elf32-littlearm)
